Component: ARM Compiler 5.06 update 1 (build 61) Tool: armlink [4d35a8]

==============================================================================

Section Cross References

    startup_stm32f446xx.o(STACK) refers (Special) to heapauxi.o(.text) for __use_two_region_memory
    startup_stm32f446xx.o(HEAP) refers (Special) to heapauxi.o(.text) for __use_two_region_memory
    startup_stm32f446xx.o(RESET) refers (Special) to heapauxi.o(.text) for __use_two_region_memory
    startup_stm32f446xx.o(RESET) refers to startup_stm32f446xx.o(STACK) for __initial_sp
    startup_stm32f446xx.o(RESET) refers to startup_stm32f446xx.o(.text) for Reset_Handler
    startup_stm32f446xx.o(RESET) refers to stm32f4xx_it.o(.text) for NMI_Handler
    startup_stm32f446xx.o(RESET) refers to main.o(.text) for TIM2_IRQHandler
    startup_stm32f446xx.o(.text) refers (Special) to heapauxi.o(.text) for __use_two_region_memory
    startup_stm32f446xx.o(.text) refers to system_stm32f4xx.o(.text) for SystemInit
    startup_stm32f446xx.o(.text) refers to __main.o(!!!main) for __main
    startup_stm32f446xx.o(.text) refers to startup_stm32f446xx.o(HEAP) for Heap_Mem
    startup_stm32f446xx.o(.text) refers to startup_stm32f446xx.o(STACK) for Stack_Mem
    stm32f4xx_rcc.o(.text) refers to stm32f4xx_rcc.o(.data) for .data
    stm32f4xx_gpio.o(.text) refers to stm32f4xx_rcc.o(.text) for RCC_AHB1PeriphResetCmd
    stm32f4xx_syscfg.o(.text) refers to stm32f4xx_rcc.o(.text) for RCC_APB2PeriphResetCmd
    stm32f4xx_usart.o(.text) refers to stm32f4xx_rcc.o(.text) for RCC_APB2PeriphResetCmd
    stm32f4xx_i2c.o(.text) refers to stm32f4xx_rcc.o(.text) for RCC_APB1PeriphResetCmd
    stm32f4xx_adc.o(.text) refers to stm32f4xx_rcc.o(.text) for RCC_APB2PeriphResetCmd
    tm_stm32f4_gpio.o(.text) refers to tm_stm32f4_gpio.o(.bss) for .bss
    tm_stm32f4_adc.o(.text) refers to stm32f4xx_adc.o(.text) for ADC_CommonInit
    tm_stm32f4_adc.o(.text) refers to tm_stm32f4_gpio.o(.text) for TM_GPIO_Init
    main.o(.text) refers to _printf_percent.o(.ARM.Collect$$_printf_percent$$00000000) for _printf_percent
    main.o(.text) refers to _printf_d.o(.ARM.Collect$$_printf_percent$$00000009) for _printf_d
    main.o(.text) refers to _printf_dec.o(.text) for _printf_int_dec
    main.o(.text) refers to stm32f4xx_rcc.o(.text) for RCC_APB2PeriphClockCmd
    main.o(.text) refers to stm32f4xx_gpio.o(.text) for GPIO_StructInit
    main.o(.text) refers to stm32f4xx_usart.o(.text) for USART_StructInit
    main.o(.text) refers to misc.o(.text) for NVIC_Init
    main.o(.text) refers to stm32f4xx_tim.o(.text) for TIM_TimeBaseInit
    main.o(.text) refers to rt_memcpy_w.o(.text) for __aeabi_memcpy4
    main.o(.text) refers to dflt_clz.o(x$fpl$dflt) for __aeabi_i2d
    main.o(.text) refers to dmul.o(x$fpl$dmul) for __aeabi_dmul
    main.o(.text) refers to ddiv.o(x$fpl$ddiv) for __aeabi_ddiv
    main.o(.text) refers to daddsub_clz.o(x$fpl$dsub) for __aeabi_dsub
    main.o(.text) refers to fmodf.o(i.__hardfp_fmodf) for __hardfp_fmodf
    main.o(.text) refers to f2d.o(x$fpl$f2d) for __aeabi_f2d
    main.o(.text) refers to floor.o(i.__hardfp_floor) for __hardfp_floor
    main.o(.text) refers to ceil.o(i.__hardfp_ceil) for __hardfp_ceil
    main.o(.text) refers to dfix.o(x$fpl$dfix) for __aeabi_d2iz
    main.o(.text) refers to tm_stm32f4_adc.o(.text) for TM_ADC_Init
    main.o(.text) refers to d2f.o(x$fpl$d2f) for __aeabi_d2f
    main.o(.text) refers to noretval__2sprintf.o(.text) for __2sprintf
    main.o(.text) refers to main.o(.data) for .data
    main.o(.text) refers to main.o(.bss) for .bss
    main.o(.text) refers to main.o(.constdata) for .constdata
    system_stm32f4xx.o(.text) refers to system_stm32f4xx.o(.data) for .data
    stm32f4xx_tim.o(.text) refers to stm32f4xx_rcc.o(.text) for RCC_APB2PeriphResetCmd
    __2sprintf.o(.text) refers to _printf_char_common.o(.text) for _printf_char_common
    __2sprintf.o(.text) refers to _sputc.o(.text) for _sputc
    noretval__2sprintf.o(.text) refers to _printf_char_common.o(.text) for _printf_char_common
    noretval__2sprintf.o(.text) refers to _sputc.o(.text) for _sputc
    __printf.o(.text) refers to _printf_percent.o(.ARM.Collect$$_printf_percent$$00000000) for _printf_percent
    _printf_dec.o(.text) refers to _printf_intcommon.o(.text) for _printf_int_common
    __printf_flags.o(.text) refers to _printf_percent.o(.ARM.Collect$$_printf_percent$$00000000) for _printf_percent
    __printf_flags.o(.text) refers to __printf_flags.o(.constdata) for .constdata
    __printf_ss.o(.text) refers to _printf_percent.o(.ARM.Collect$$_printf_percent$$00000000) for _printf_percent
    __printf_flags_ss.o(.text) refers to _printf_percent.o(.ARM.Collect$$_printf_percent$$00000000) for _printf_percent
    __printf_flags_ss.o(.text) refers to __printf_flags_ss.o(.constdata) for .constdata
    __printf_wp.o(.text) refers to __printf_wp.o(i._is_digit) for _is_digit
[...]
    ../fplib/drleqf.s                        0x00000000   Number         0  drleqf.o ABSOLUTE
    ../fplib/f2d.s                           0x00000000   Number         0  f2d.o ABSOLUTE
    ../fplib/fnaninf.s                       0x00000000   Number         0  fnaninf.o ABSOLUTE
    ../fplib/fpinit.s                        0x00000000   Number         0  fpinit.o ABSOLUTE
    ../fplib/frem.s                          0x00000000   Number         0  frem_clz.o ABSOLUTE
    ../fplib/fretinf.s                       0x00000000   Number         0  fretinf.o ABSOLUTE
    ../fplib/usenofp.s                       0x00000000   Number         0  usenofp.o ABSOLUTE
    ../mathlib/ceil.c                        0x00000000   Number         0  ceil.o ABSOLUTE
    ../mathlib/floor.c                       0x00000000   Number         0  floor.o ABSOLUTE
    ../mathlib/fmodf.c                       0x00000000   Number         0  fmodf_x.o ABSOLUTE
    ../mathlib/fmodf.c                       0x00000000   Number         0  fmodf.o ABSOLUTE
    ../mathlib/funder.c                      0x00000000   Number         0  funder.o ABSOLUTE
    ..\00-STM32F4xx_STANDARD_PERIPHERAL_DRIVERS\CMSIS\Device\ST\STM32F4xx\Source\Templates\arm\startup_stm32f446xx.s 0x00000000   Number         0  startup_stm32f446xx.o ABSOLUTE
    ..\00-STM32F4xx_STANDARD_PERIPHERAL_DRIVERS\STM32F4xx_StdPeriph_Driver\src\misc.c 0x00000000   Number         0  misc.o ABSOLUTE
    ..\00-STM32F4xx_STANDARD_PERIPHERAL_DRIVERS\STM32F4xx_StdPeriph_Driver\src\stm32f4xx_adc.c 0x00000000   Number         0  stm32f4xx_adc.o ABSOLUTE
    ..\00-STM32F4xx_STANDARD_PERIPHERAL_DRIVERS\STM32F4xx_StdPeriph_Driver\src\stm32f4xx_dma.c 0x00000000   Number         0  stm32f4xx_dma.o ABSOLUTE
    ..\00-STM32F4xx_STANDARD_PERIPHERAL_DRIVERS\STM32F4xx_StdPeriph_Driver\src\stm32f4xx_gpio.c 0x00000000   Number         0  stm32f4xx_gpio.o ABSOLUTE
    ..\00-STM32F4xx_STANDARD_PERIPHERAL_DRIVERS\STM32F4xx_StdPeriph_Driver\src\stm32f4xx_i2c.c 0x00000000   Number         0  stm32f4xx_i2c.o ABSOLUTE
    ..\00-STM32F4xx_STANDARD_PERIPHERAL_DRIVERS\STM32F4xx_StdPeriph_Driver\src\stm32f4xx_rcc.c 0x00000000   Number         0  stm32f4xx_rcc.o ABSOLUTE
    ..\00-STM32F4xx_STANDARD_PERIPHERAL_DRIVERS\STM32F4xx_StdPeriph_Driver\src\stm32f4xx_syscfg.c 0x00000000   Number         0  stm32f4xx_syscfg.o ABSOLUTE
    ..\00-STM32F4xx_STANDARD_PERIPHERAL_DRIVERS\STM32F4xx_StdPeriph_Driver\src\stm32f4xx_tim.c 0x00000000   Number         0  stm32f4xx_tim.o ABSOLUTE
    ..\00-STM32F4xx_STANDARD_PERIPHERAL_DRIVERS\STM32F4xx_StdPeriph_Driver\src\stm32f4xx_usart.c 0x00000000   Number         0  stm32f4xx_usart.o ABSOLUTE
    ..\\00-STM32F4xx_STANDARD_PERIPHERAL_DRIVERS\\STM32F4xx_StdPeriph_Driver\\src\\misc.c 0x00000000   Number         0  misc.o ABSOLUTE
    ..\\00-STM32F4xx_STANDARD_PERIPHERAL_DRIVERS\\STM32F4xx_StdPeriph_Driver\\src\\stm32f4xx_adc.c 0x00000000   Number         0  stm32f4xx_adc.o ABSOLUTE
    ..\\00-STM32F4xx_STANDARD_PERIPHERAL_DRIVERS\\STM32F4xx_StdPeriph_Driver\\src\\stm32f4xx_dma.c 0x00000000   Number         0  stm32f4xx_dma.o ABSOLUTE
    ..\\00-STM32F4xx_STANDARD_PERIPHERAL_DRIVERS\\STM32F4xx_StdPeriph_Driver\\src\\stm32f4xx_gpio.c 0x00000000   Number         0  stm32f4xx_gpio.o ABSOLUTE
    ..\\00-STM32F4xx_STANDARD_PERIPHERAL_DRIVERS\\STM32F4xx_StdPeriph_Driver\\src\\stm32f4xx_i2c.c 0x00000000   Number         0  stm32f4xx_i2c.o ABSOLUTE
    ..\\00-STM32F4xx_STANDARD_PERIPHERAL_DRIVERS\\STM32F4xx_StdPeriph_Driver\\src\\stm32f4xx_rcc.c 0x00000000   Number         0  stm32f4xx_rcc.o ABSOLUTE
    ..\\00-STM32F4xx_STANDARD_PERIPHERAL_DRIVERS\\STM32F4xx_StdPeriph_Driver\\src\\stm32f4xx_syscfg.c 0x00000000   Number         0  stm32f4xx_syscfg.o ABSOLUTE
    ..\\00-STM32F4xx_STANDARD_PERIPHERAL_DRIVERS\\STM32F4xx_StdPeriph_Driver\\src\\stm32f4xx_tim.c 0x00000000   Number         0  stm32f4xx_tim.o ABSOLUTE
    ..\\00-STM32F4xx_STANDARD_PERIPHERAL_DRIVERS\\STM32F4xx_StdPeriph_Driver\\src\\stm32f4xx_usart.c 0x00000000   Number         0  stm32f4xx_usart.o ABSOLUTE
    TM\\tm_stm32f4_adc.c                     0x00000000   Number         0  tm_stm32f4_adc.o ABSOLUTE
    TM\\tm_stm32f4_gpio.c                    0x00000000   Number         0  tm_stm32f4_gpio.o ABSOLUTE
    TM\tm_stm32f4_adc.c                      0x00000000   Number         0  tm_stm32f4_adc.o ABSOLUTE
    TM\tm_stm32f4_gpio.c                     0x00000000   Number         0  tm_stm32f4_gpio.o ABSOLUTE
    User\\main.c                             0x00000000   Number         0  main.o ABSOLUTE
    User\\stm32f4xx_it.c                     0x00000000   Number         0  stm32f4xx_it.o ABSOLUTE
    User\\system_stm32f4xx.c                 0x00000000   Number         0  system_stm32f4xx.o ABSOLUTE
    User\itoa.c                              0x00000000   Number         0  itoa.o ABSOLUTE
    User\main.c                              0x00000000   Number         0  main.o ABSOLUTE
    User\stm32f4xx_it.c                      0x00000000   Number         0  stm32f4xx_it.o ABSOLUTE
    User\system_stm32f4xx.c                  0x00000000   Number         0  system_stm32f4xx.o ABSOLUTE
    dc.s                                     0x00000000   Number         0  dc.o ABSOLUTE
    RESET                                    0x08000000   Section      452  startup_stm32f446xx.o(RESET)
    !!!main                                  0x080001c4   Section        8  __main.o(!!!main)
    !!!scatter                               0x080001cc   Section       52  __scatter.o(!!!scatter)
    !!handler_copy                           0x08000200   Section       26  __scatter_copy.o(!!handler_copy)
    !!handler_zi                             0x0800021c   Section       28  __scatter_zi.o(!!handler_zi)
    .ARM.Collect$$_printf_percent$$00000000  0x08000238   Section        0  _printf_percent.o(.ARM.Collect$$_printf_percent$$00000000)
    .ARM.Collect$$_printf_percent$$00000009  0x08000238   Section        6  _printf_d.o(.ARM.Collect$$_printf_percent$$00000009)
    .ARM.Collect$$_printf_percent$$00000017  0x0800023e   Section        4  _printf_percent_end.o(.ARM.Collect$$_printf_percent$$00000017)
    .ARM.Collect$$libinit$$00000000          0x08000242   Section        2  libinit.o(.ARM.Collect$$libinit$$00000000)
    .ARM.Collect$$libinit$$00000001          0x08000244   Section        4  libinit2.o(.ARM.Collect$$libinit$$00000001)
    .ARM.Collect$$libinit$$00000004          0x08000248   Section        0  libinit2.o(.ARM.Collect$$libinit$$00000004)
    .ARM.Collect$$libinit$$0000000A          0x08000248   Section        0  libinit2.o(.ARM.Collect$$libinit$$0000000A)
    .ARM.Collect$$libinit$$0000000C          0x08000248   Section        0  libinit2.o(.ARM.Collect$$libinit$$0000000C)
    .ARM.Collect$$libinit$$0000000E          0x08000248   Section        0  libinit2.o(.ARM.Collect$$libinit$$0000000E)
    .ARM.Collect$$libinit$$00000011          0x08000248   Section        0  libinit2.o(.ARM.Collect$$libinit$$00000011)
    .ARM.Collect$$libinit$$00000013          0x08000248   Section        0  libinit2.o(.ARM.Collect$$libinit$$00000013)
    .ARM.Collect$$libinit$$00000015          0x08000248   Section        0  libinit2.o(.ARM.Collect$$libinit$$00000015)
    .ARM.Collect$$libinit$$00000017          0x08000248   Section        0  libinit2.o(.ARM.Collect$$libinit$$00000017)
    .ARM.Collect$$libinit$$00000019          0x08000248   Section        0  libinit2.o(.ARM.Collect$$libinit$$00000019)
    .ARM.Collect$$libinit$$0000001B          0x08000248   Section        0  libinit2.o(.ARM.Collect$$libinit$$0000001B)
    .ARM.Collect$$libinit$$0000001D          0x08000248   Section        0  libinit2.o(.ARM.Collect$$libinit$$0000001D)
    .ARM.Collect$$libinit$$0000001F          0x08000248   Section        0  libinit2.o(.ARM.Collect$$libinit$$0000001F)
    .ARM.Collect$$libinit$$00000021          0x08000248   Section        0  libinit2.o(.ARM.Collect$$libinit$$00000021)
    .ARM.Collect$$libinit$$00000023          0x08000248   Section        0  libinit2.o(.ARM.Collect$$libinit$$00000023)
    .ARM.Collect$$libinit$$00000025          0x08000248   Section        0  libinit2.o(.ARM.Collect$$libinit$$00000025)
    .ARM.Collect$$libinit$$0000002C          0x08000248   Section        0  libinit2.o(.ARM.Collect$$libinit$$0000002C)
    .ARM.Collect$$libinit$$0000002E          0x08000248   Section        0  libinit2.o(.ARM.Collect$$libinit$$0000002E)
    .ARM.Collect$$libinit$$00000030          0x08000248   Section        0  libinit2.o(.ARM.Collect$$libinit$$00000030)
    .ARM.Collect$$libinit$$00000032          0x08000248   Section        0  libinit2.o(.ARM.Collect$$libinit$$00000032)
    .ARM.Collect$$libinit$$00000033          0x08000248   Section        2  libinit2.o(.ARM.Collect$$libinit$$00000033)
    .ARM.Collect$$libshutdown$$00000000      0x0800024a   Section        2  libshutdown.o(.ARM.Collect$$libshutdown$$00000000)
    .ARM.Collect$$libshutdown$$00000002      0x0800024c   Section        0  libshutdown2.o(.ARM.Collect$$libshutdown$$00000002)
    .ARM.Collect$$libshutdown$$00000004      0x0800024c   Section        0  libshutdown2.o(.ARM.Collect$$libshutdown$$00000004)
    .ARM.Collect$$libshutdown$$00000007      0x0800024c   Section        0  libshutdown2.o(.ARM.Collect$$libshutdown$$00000007)
    .ARM.Collect$$libshutdown$$0000000A      0x0800024c   Section        0  libshutdown2.o(.ARM.Collect$$libshutdown$$0000000A)
    .ARM.Collect$$libshutdown$$0000000C      0x0800024c   Section        0  libshutdown2.o(.ARM.Collect$$libshutdown$$0000000C)
    .ARM.Collect$$libshutdown$$0000000F      0x0800024c   Section        0  libshutdown2.o(.ARM.Collect$$libshutdown$$0000000F)
    .ARM.Collect$$libshutdown$$00000010      0x0800024c   Section        2  libshutdown2.o(.ARM.Collect$$libshutdown$$00000010)
    .ARM.Collect$$rtentry$$00000000          0x0800024e   Section        0  __rtentry.o(.ARM.Collect$$rtentry$$00000000)
    .ARM.Collect$$rtentry$$00000002          0x0800024e   Section        0  __rtentry2.o(.ARM.Collect$$rtentry$$00000002)
    .ARM.Collect$$rtentry$$00000004          0x0800024e   Section        6  __rtentry4.o(.ARM.Collect$$rtentry$$00000004)
    .ARM.Collect$$rtentry$$00000009          0x08000254   Section        0  __rtentry2.o(.ARM.Collect$$rtentry$$00000009)
    .ARM.Collect$$rtentry$$0000000A          0x08000254   Section        4  __rtentry2.o(.ARM.Collect$$rtentry$$0000000A)
    .ARM.Collect$$rtentry$$0000000C          0x08000258   Section        0  __rtentry2.o(.ARM.Collect$$rtentry$$0000000C)
    .ARM.Collect$$rtentry$$0000000D          0x08000258   Section        8  __rtentry2.o(.ARM.Collect$$rtentry$$0000000D)
    .ARM.Collect$$rtexit$$00000000           0x08000260   Section        2  rtexit.o(.ARM.Collect$$rtexit$$00000000)
    .ARM.Collect$$rtexit$$00000002           0x08000262   Section        0  rtexit2.o(.ARM.Collect$$rtexit$$00000002)
    .ARM.Collect$$rtexit$$00000003           0x08000262   Section        4  rtexit2.o(.ARM.Collect$$rtexit$$00000003)
    .ARM.Collect$$rtexit$$00000004           0x08000266   Section        6  rtexit2.o(.ARM.Collect$$rtexit$$00000004)
    .text                                    0x0800026c   Section       64  startup_stm32f446xx.o(.text)
    $v0                                      0x0800026c   Number         0  startup_stm32f446xx.o(.text)
    .text                                    0x080002ac   Section        0  misc.o(.text)
    .text                                    0x0800035c   Section        0  stm32f4xx_rcc.o(.text)
    .text                                    0x080008d8   Section        0  stm32f4xx_gpio.o(.text)
    .text                                    0x08000ae4   Section        0  stm32f4xx_usart.o(.text)
    .text                                    0x08000e3c   Section        0  stm32f4xx_adc.o(.text)
    .text                                    0x08001190   Section        0  tm_stm32f4_gpio.o(.text)
    .text                                    0x0800142c   Section        0  tm_stm32f4_adc.o(.text)
    .text                                    0x0800175c   Section        0  main.o(.text)
    .text                                    0x08001b80   Section        0  stm32f4xx_it.o(.text)
    .text                                    0x08001b9c   Section        0  system_stm32f4xx.o(.text)
    SetSysClock                              0x08001b9d   Thumb Code   190  system_stm32f4xx.o(.text)
    .text                                    0x08001d60   Section        0  stm32f4xx_tim.o(.text)
    TI2_Config                               0x080023ab   Thumb Code    54  stm32f4xx_tim.o(.text)
    TI1_Config                               0x0800270f   Thumb Code    46  stm32f4xx_tim.o(.text)
    .text                                    0x0800273c   Section        0  noretval__2sprintf.o(.text)
    .text                                    0x08002764   Section        0  __printf.o(.text)
    .text                                    0x080027cc   Section        0  _printf_dec.o(.text)
    .text                                    0x08002844   Section      100  rt_memcpy_w.o(.text)
    .text                                    0x080028a8   Section        0  heapauxi.o(.text)
    .text                                    0x080028ae   Section        0  _rserrno.o(.text)
    .text                                    0x080028c4   Section        0  _printf_intcommon.o(.text)
    .text                                    0x08002978   Section        0  _printf_char_common.o(.text)
    _printf_input_char                       0x08002979   Thumb Code    10  _printf_char_common.o(.text)
    .text                                    0x080029a8   Section        0  _sputc.o(.text)
    .text                                    0x080029b4   Section        8  rt_errno_addr_intlibspace.o(.text)
    .text                                    0x080029bc   Section        8  libspace.o(.text)
    .text                                    0x080029c4   Section       74  sys_stackheap_outer.o(.text)
    .text                                    0x08002a0e   Section        0  exit.o(.text)
    .text                                    0x08002a20   Section        0  sys_exit.o(.text)
    .text                                    0x08002a2c   Section        2  use_no_semi.o(.text)
    .text                                    0x08002a2e   Section        0  indicate_semi.o(.text)
    i.__hardfp_ceil                          0x08002a30   Section        0  ceil.o(i.__hardfp_ceil)
    i.__hardfp_floor                         0x08002b48   Section        0  floor.o(i.__hardfp_floor)
    i.__hardfp_fmodf                         0x08002c60   Section        0  fmodf.o(i.__hardfp_fmodf)
    i.__mathlib_flt_invalid                  0x08002d10   Section        0  funder.o(i.__mathlib_flt_invalid)
    x$fpl$d2f                                0x08002d20   Section       98  d2f.o(x$fpl$d2f)
    $v0                                      0x08002d20   Number         0  d2f.o(x$fpl$d2f)
    x$fpl$dadd                               0x08002d84   Section      336  daddsub_clz.o(x$fpl$dadd)
    $v0                                      0x08002d84   Number         0  daddsub_clz.o(x$fpl$dadd)
    _dadd1                                   0x08002d95   Thumb Code     0  daddsub_clz.o(x$fpl$dadd)
    x$fpl$dcmpinf                            0x08002ed4   Section       24  dcmpi.o(x$fpl$dcmpinf)
    $v0                                      0x08002ed4   Number         0  dcmpi.o(x$fpl$dcmpinf)
    x$fpl$ddiv                               0x08002eec   Section      688  ddiv.o(x$fpl$ddiv)
    $v0                                      0x08002eec   Number         0  ddiv.o(x$fpl$ddiv)
    ddiv_entry                               0x08002ef3   Thumb Code     0  ddiv.o(x$fpl$ddiv)
    x$fpl$dfix                               0x0800319c   Section       94  dfix.o(x$fpl$dfix)
    $v0                                      0x0800319c   Number         0  dfix.o(x$fpl$dfix)
    x$fpl$dflt                               0x080031fa   Section       46  dflt_clz.o(x$fpl$dflt)
    $v0                                      0x080031fa   Number         0  dflt_clz.o(x$fpl$dflt)
    x$fpl$dleqf                              0x08003228   Section      120  dleqf.o(x$fpl$dleqf)
    $v0                                      0x08003228   Number         0  dleqf.o(x$fpl$dleqf)
    x$fpl$dmul                               0x080032a0   Section      340  dmul.o(x$fpl$dmul)
    $v0                                      0x080032a0   Number         0  dmul.o(x$fpl$dmul)
    x$fpl$dnaninf                            0x080033f4   Section      156  dnaninf.o(x$fpl$dnaninf)
    $v0                                      0x080033f4   Number         0  dnaninf.o(x$fpl$dnaninf)
    x$fpl$dretinf                            0x08003490   Section       12  dretinf.o(x$fpl$dretinf)
    $v0                                      0x08003490   Number         0  dretinf.o(x$fpl$dretinf)
    x$fpl$drleqf                             0x0800349c   Section      108  drleqf.o(x$fpl$drleqf)
    $v0                                      0x0800349c   Number         0  drleqf.o(x$fpl$drleqf)
    x$fpl$drsb                               0x08003508   Section       22  daddsub_clz.o(x$fpl$drsb)
    $v0                                      0x08003508   Number         0  daddsub_clz.o(x$fpl$drsb)
    x$fpl$dsub                               0x08003520   Section      468  daddsub_clz.o(x$fpl$dsub)
    $v0                                      0x08003520   Number         0  daddsub_clz.o(x$fpl$dsub)
    _dsub1                                   0x08003531   Thumb Code     0  daddsub_clz.o(x$fpl$dsub)
    x$fpl$f2d                                0x080036f4   Section       86  f2d.o(x$fpl$f2d)
    $v0                                      0x080036f4   Number         0  f2d.o(x$fpl$f2d)
    x$fpl$fnaninf                            0x0800374a   Section      140  fnaninf.o(x$fpl$fnaninf)
    $v0                                      0x0800374a   Number         0  fnaninf.o(x$fpl$fnaninf)
    x$fpl$fpinit                             0x080037d6   Section       10  fpinit.o(x$fpl$fpinit)
    $v0                                      0x080037d6   Number         0  fpinit.o(x$fpl$fpinit)
    x$fpl$frem                               0x080037e0   Section      244  frem_clz.o(x$fpl$frem)
    $v0                                      0x080037e0   Number         0  frem_clz.o(x$fpl$frem)
    x$fpl$fretinf                            0x080038d4   Section       10  fretinf.o(x$fpl$fretinf)
    $v0                                      0x080038d4   Number         0  fretinf.o(x$fpl$fretinf)
    x$fpl$usenofp                            0x080038de   Section        0  usenofp.o(x$fpl$usenofp)
    .constdata                               0x080038e0   Section       84  main.o(.constdata)
    .data                                    0x20000000   Section       16  stm32f4xx_rcc.o(.data)
    APBAHBPrescTable                         0x20000000   Data          16  stm32f4xx_rcc.o(.data)
    .data                                    0x20000010   Section       36  main.o(.data)
    .data                                    0x20000034   Section       20  system_stm32f4xx.o(.data)
    .bss                                     0x20000048   Section       22  tm_stm32f4_gpio.o(.bss)
    GPIO_UsedPins                            0x20000048   Data          22  tm_stm32f4_gpio.o(.bss)
    .bss                                     0x20000060   Section       31  main.o(.bss)
    .bss                                     0x20000080   Section       96  libspace.o(.bss)
    HEAP                                     0x200000e0   Section      512  startup_stm32f446xx.o(HEAP)
    Heap_Mem                                 0x200000e0   Data         512  startup_stm32f446xx.o(HEAP)
    STACK                                    0x200002e0   Section     1024  startup_stm32f446xx.o(STACK)
    Stack_Mem                                0x200002e0   Data        1024  startup_stm32f446xx.o(STACK)
    __initial_sp                             0x200006e0   Data           0  startup_stm32f446xx.o(STACK)

    Global Symbols

    Symbol Name                              Value     Ov Type        Size  Object(Section)

    BuildAttributes$$THM_ISAv4$E$P$D$K$B$S$7EM$VFPi3$EXTD16$VFPS$VFMA$PE$A:L22UL41UL21$X:L11$S22US41US21$IEEE1$IW$USESV6$~STKCKD$USESV7$~SHL$OTIME$ROPI$IEEEX$EBA8$UX$STANDARDLIB$REQ8$PRES8$EABIv2 0x00000000   Number         0  anon$$obj.o ABSOLUTE
    __ARM_use_no_argv                        0x00000000   Number         0  main.o ABSOLUTE
    __ARM_exceptions_init                     - Undefined Weak Reference
    __alloca_initialize                       - Undefined Weak Reference
    __arm_preinit_                            - Undefined Weak Reference
    __cpp_initialize__aeabi_                  - Undefined Weak Reference
    __cxa_finalize                            - Undefined Weak Reference
    __rt_locale                               - Undefined Weak Reference
    __sigvec_lookup                           - Undefined Weak Reference
    _atexit_init                              - Undefined Weak Reference
    _call_atexit_fns                          - Undefined Weak Reference
    _clock_init                               - Undefined Weak Reference
    _fp_trap_init                             - Undefined Weak Reference
    _fp_trap_shutdown                         - Undefined Weak Reference
    _get_lc_collate                           - Undefined Weak Reference
    _get_lc_ctype                             - Undefined Weak Reference
    _get_lc_monetary                          - Undefined Weak Reference
    _get_lc_numeric                           - Undefined Weak Reference
    _get_lc_time                              - Undefined Weak Reference
    _getenv_init                              - Undefined Weak Reference
    _handle_redirection                       - Undefined Weak Reference
    _init_alloc                               - Undefined Weak Reference
    _init_user_alloc                          - Undefined Weak Reference
    _initio                                   - Undefined Weak Reference
    _printf_post_padding                      - Undefined Weak Reference
    _printf_pre_padding                       - Undefined Weak Reference
    _printf_truncate_signed                   - Undefined Weak Reference
    _printf_truncate_unsigned                 - Undefined Weak Reference
    _rand_init                                - Undefined Weak Reference
    _signal_finish                            - Undefined Weak Reference
    _signal_init                              - Undefined Weak Reference
    _terminate_alloc                          - Undefined Weak Reference
    _terminate_user_alloc                     - Undefined Weak Reference
    _terminateio                              - Undefined Weak Reference
    __Vectors_Size                           0x000001c4   Number         0  startup_stm32f446xx.o ABSOLUTE
    __Vectors                                0x08000000   Data           4  startup_stm32f446xx.o(RESET)
    __Vectors_End                            0x080001c4   Data           0  startup_stm32f446xx.o(RESET)
    __main                                   0x080001c5   Thumb Code     8  __main.o(!!!main)
    __scatterload                            0x080001cd   Thumb Code     0  __scatter.o(!!!scatter)
    __scatterload_rt2                        0x080001cd   Thumb Code    44  __scatter.o(!!!scatter)
    __scatterload_rt2_thumb_only             0x080001cd   Thumb Code     0  __scatter.o(!!!scatter)
    __scatterload_null                       0x080001db   Thumb Code     0  __scatter.o(!!!scatter)
    __scatterload_copy                       0x08000201   Thumb Code    26  __scatter_copy.o(!!handler_copy)
    __scatterload_zeroinit                   0x0800021d   Thumb Code    28  __scatter_zi.o(!!handler_zi)
    _printf_d                                0x08000239   Thumb Code     0  _printf_d.o(.ARM.Collect$$_printf_percent$$00000009)
    _printf_percent                          0x08000239   Thumb Code     0  _printf_percent.o(.ARM.Collect$$_printf_percent$$00000000)
    _printf_percent_end                      0x0800023f   Thumb Code     0  _printf_percent_end.o(.ARM.Collect$$_printf_percent$$00000017)
    __rt_lib_init                            0x08000243   Thumb Code     0  libinit.o(.ARM.Collect$$libinit$$00000000)
    __rt_lib_init_fp_1                       0x08000245   Thumb Code     0  libinit2.o(.ARM.Collect$$libinit$$00000001)
    __rt_lib_init_alloca_1                   0x08000249   Thumb Code     0  libinit2.o(.ARM.Collect$$libinit$$0000002E)
    __rt_lib_init_argv_1                     0x08000249   Thumb Code     0  libinit2.o(.ARM.Collect$$libinit$$0000002C)
    __rt_lib_init_atexit_1                   0x08000249   Thumb Code     0  libinit2.o(.ARM.Collect$$libinit$$0000001B)
    __rt_lib_init_clock_1                    0x08000249   Thumb Code     0  libinit2.o(.ARM.Collect$$libinit$$00000021)
    __rt_lib_init_cpp_1                      0x08000249   Thumb Code     0  libinit2.o(.ARM.Collect$$libinit$$00000032)
    __rt_lib_init_exceptions_1               0x08000249   Thumb Code     0  libinit2.o(.ARM.Collect$$libinit$$00000030)
    __rt_lib_init_fp_trap_1                  0x08000249   Thumb Code     0  libinit2.o(.ARM.Collect$$libinit$$0000001F)
    __rt_lib_init_getenv_1                   0x08000249   Thumb Code     0  libinit2.o(.ARM.Collect$$libinit$$00000023)
    __rt_lib_init_heap_1                     0x08000249   Thumb Code     0  libinit2.o(.ARM.Collect$$libinit$$0000000A)
    __rt_lib_init_lc_collate_1               0x08000249   Thumb Code     0  libinit2.o(.ARM.Collect$$libinit$$00000011)
    __rt_lib_init_lc_ctype_1                 0x08000249   Thumb Code     0  libinit2.o(.ARM.Collect$$libinit$$00000013)
    __rt_lib_init_lc_monetary_1              0x08000249   Thumb Code     0  libinit2.o(.ARM.Collect$$libinit$$00000015)
    __rt_lib_init_lc_numeric_1               0x08000249   Thumb Code     0  libinit2.o(.ARM.Collect$$libinit$$00000017)
    __rt_lib_init_lc_time_1                  0x08000249   Thumb Code     0  libinit2.o(.ARM.Collect$$libinit$$00000019)
    __rt_lib_init_preinit_1                  0x08000249   Thumb Code     0  libinit2.o(.ARM.Collect$$libinit$$00000004)
    __rt_lib_init_rand_1                     0x08000249   Thumb Code     0  libinit2.o(.ARM.Collect$$libinit$$0000000E)
    __rt_lib_init_return                     0x08000249   Thumb Code     0  libinit2.o(.ARM.Collect$$libinit$$00000033)
    __rt_lib_init_signal_1                   0x08000249   Thumb Code     0  libinit2.o(.ARM.Collect$$libinit$$0000001D)
    __rt_lib_init_stdio_1                    0x08000249   Thumb Code     0  libinit2.o(.ARM.Collect$$libinit$$00000025)
    __rt_lib_init_user_alloc_1               0x08000249   Thumb Code     0  libinit2.o(.ARM.Collect$$libinit$$0000000C)
    __rt_lib_shutdown                        0x0800024b   Thumb Code     0  libshutdown.o(.ARM.Collect$$libshutdown$$00000000)
    __rt_lib_shutdown_cpp_1                  0x0800024d   Thumb Code     0  libshutdown2.o(.ARM.Collect$$libshutdown$$00000002)
    __rt_lib_shutdown_fp_trap_1              0x0800024d   Thumb Code     0  libshutdown2.o(.ARM.Collect$$libshutdown$$00000007)
    __rt_lib_shutdown_heap_1                 0x0800024d   Thumb Code     0  libshutdown2.o(.ARM.Collect$$libshutdown$$0000000F)
    __rt_lib_shutdown_return                 0x0800024d   Thumb Code     0  libshutdown2.o(.ARM.Collect$$libshutdown$$00000010)
    __rt_lib_shutdown_signal_1               0x0800024d   Thumb Code     0  libshutdown2.o(.ARM.Collect$$libshutdown$$0000000A)
    __rt_lib_shutdown_stdio_1                0x0800024d   Thumb Code     0  libshutdown2.o(.ARM.Collect$$libshutdown$$00000004)
    __rt_lib_shutdown_user_alloc_1           0x0800024d   Thumb Code     0  libshutdown2.o(.ARM.Collect$$libshutdown$$0000000C)
    __rt_entry                               0x0800024f   Thumb Code     0  __rtentry.o(.ARM.Collect$$rtentry$$00000000)
    __rt_entry_presh_1                       0x0800024f   Thumb Code     0  __rtentry2.o(.ARM.Collect$$rtentry$$00000002)
    __rt_entry_sh                            0x0800024f   Thumb Code     0  __rtentry4.o(.ARM.Collect$$rtentry$$00000004)
    __rt_entry_li                            0x08000255   Thumb Code     0  __rtentry2.o(.ARM.Collect$$rtentry$$0000000A)
    __rt_entry_postsh_1                      0x08000255   Thumb Code     0  __rtentry2.o(.ARM.Collect$$rtentry$$00000009)
    __rt_entry_main                          0x08000259   Thumb Code     0  __rtentry2.o(.ARM.Collect$$rtentry$$0000000D)
    __rt_entry_postli_1                      0x08000259   Thumb Code     0  __rtentry2.o(.ARM.Collect$$rtentry$$0000000C)
    __rt_exit                                0x08000261   Thumb Code     0  rtexit.o(.ARM.Collect$$rtexit$$00000000)
    __rt_exit_ls                             0x08000263   Thumb Code     0  rtexit2.o(.ARM.Collect$$rtexit$$00000003)
    __rt_exit_prels_1                        0x08000263   Thumb Code     0  rtexit2.o(.ARM.Collect$$rtexit$$00000002)
    __rt_exit_exit                           0x08000267   Thumb Code     0  rtexit2.o(.ARM.Collect$$rtexit$$00000004)
    Reset_Handler                            0x0800026d   Thumb Code     8  startup_stm32f446xx.o(.text)
    ADC_IRQHandler                           0x08000287   Thumb Code     0  startup_stm32f446xx.o(.text)
    CAN1_RX0_IRQHandler                      0x08000287   Thumb Code     0  startup_stm32f446xx.o(.text)
    CAN1_RX1_IRQHandler                      0x08000287   Thumb Code     0  startup_stm32f446xx.o(.text)
    CAN1_SCE_IRQHandler                      0x08000287   Thumb Code     0  startup_stm32f446xx.o(.text)
    CAN1_TX_IRQHandler                       0x08000287   Thumb Code     0  startup_stm32f446xx.o(.text)
    CAN2_RX0_IRQHandler                      0x08000287   Thumb Code     0  startup_stm32f446xx.o(.text)
    CAN2_RX1_IRQHandler                      0x08000287   Thumb Code     0  startup_stm32f446xx.o(.text)
    CAN2_SCE_IRQHandler                      0x08000287   Thumb Code     0  startup_stm32f446xx.o(.text)
    CAN2_TX_IRQHandler                       0x08000287   Thumb Code     0  startup_stm32f446xx.o(.text)
    CEC_IRQHandler                           0x08000287   Thumb Code     0  startup_stm32f446xx.o(.text)
    DCMI_IRQHandler                          0x08000287   Thumb Code     0  startup_stm32f446xx.o(.text)
    DMA1_Stream0_IRQHandler                  0x08000287   Thumb Code     0  startup_stm32f446xx.o(.text)
    DMA1_Stream1_IRQHandler                  0x08000287   Thumb Code     0  startup_stm32f446xx.o(.text)
    DMA1_Stream2_IRQHandler                  0x08000287   Thumb Code     0  startup_stm32f446xx.o(.text)
    DMA1_Stream3_IRQHandler                  0x08000287   Thumb Code     0  startup_stm32f446xx.o(.text)
    DMA1_Stream4_IRQHandler                  0x08000287   Thumb Code     0  startup_stm32f446xx.o(.text)
    DMA1_Stream5_IRQHandler                  0x08000287   Thumb Code     0  startup_stm32f446xx.o(.text)
    DMA1_Stream6_IRQHandler                  0x08000287   Thumb Code     0  startup_stm32f446xx.o(.text)
    DMA1_Stream7_IRQHandler                  0x08000287   Thumb Code     0  startup_stm32f446xx.o(.text)
    DMA2_Stream0_IRQHandler                  0x08000287   Thumb Code     0  startup_stm32f446xx.o(.text)
    DMA2_Stream1_IRQHandler                  0x08000287   Thumb Code     0  startup_stm32f446xx.o(.text)
    DMA2_Stream2_IRQHandler                  0x08000287   Thumb Code     0  startup_stm32f446xx.o(.text)
    DMA2_Stream3_IRQHandler                  0x08000287   Thumb Code     0  startup_stm32f446xx.o(.text)
    DMA2_Stream4_IRQHandler                  0x08000287   Thumb Code     0  startup_stm32f446xx.o(.text)
    DMA2_Stream5_IRQHandler                  0x08000287   Thumb Code     0  startup_stm32f446xx.o(.text)
    DMA2_Stream6_IRQHandler                  0x08000287   Thumb Code     0  startup_stm32f446xx.o(.text)
    DMA2_Stream7_IRQHandler                  0x08000287   Thumb Code     0  startup_stm32f446xx.o(.text)
    EXTI0_IRQHandler                         0x08000287   Thumb Code     0  startup_stm32f446xx.o(.text)
    EXTI15_10_IRQHandler                     0x08000287   Thumb Code     0  startup_stm32f446xx.o(.text)
    EXTI1_IRQHandler                         0x08000287   Thumb Code     0  startup_stm32f446xx.o(.text)
    EXTI2_IRQHandler                         0x08000287   Thumb Code     0  startup_stm32f446xx.o(.text)
    EXTI3_IRQHandler                         0x08000287   Thumb Code     0  startup_stm32f446xx.o(.text)
    EXTI4_IRQHandler                         0x08000287   Thumb Code     0  startup_stm32f446xx.o(.text)
    EXTI9_5_IRQHandler                       0x08000287   Thumb Code     0  startup_stm32f446xx.o(.text)
    FLASH_IRQHandler                         0x08000287   Thumb Code     0  startup_stm32f446xx.o(.text)
    FMC_IRQHandler                           0x08000287   Thumb Code     0  startup_stm32f446xx.o(.text)
    FMPI2C_Error_IRQHandler                  0x08000287   Thumb Code     0  startup_stm32f446xx.o(.text)
    FMPI2C_Event_IRQHandler                  0x08000287   Thumb Code     0  startup_stm32f446xx.o(.text)
    FPU_IRQHandler                           0x08000287   Thumb Code     0  startup_stm32f446xx.o(.text)
    I2C1_ER_IRQHandler                       0x08000287   Thumb Code     0  startup_stm32f446xx.o(.text)
    I2C1_EV_IRQHandler                       0x08000287   Thumb Code     0  startup_stm32f446xx.o(.text)
    I2C2_ER_IRQHandler                       0x08000287   Thumb Code     0  startup_stm32f446xx.o(.text)
    I2C2_EV_IRQHandler                       0x08000287   Thumb Code     0  startup_stm32f446xx.o(.text)
    I2C3_ER_IRQHandler                       0x08000287   Thumb Code     0  startup_stm32f446xx.o(.text)
    I2C3_EV_IRQHandler                       0x08000287   Thumb Code     0  startup_stm32f446xx.o(.text)
    OTG_FS_IRQHandler                        0x08000287   Thumb Code     0  startup_stm32f446xx.o(.text)
    OTG_FS_WKUP_IRQHandler                   0x08000287   Thumb Code     0  startup_stm32f446xx.o(.text)
    OTG_HS_EP1_IN_IRQHandler                 0x08000287   Thumb Code     0  startup_stm32f446xx.o(.text)
    OTG_HS_EP1_OUT_IRQHandler                0x08000287   Thumb Code     0  startup_stm32f446xx.o(.text)
    OTG_HS_IRQHandler                        0x08000287   Thumb Code     0  startup_stm32f446xx.o(.text)
    OTG_HS_WKUP_IRQHandler                   0x08000287   Thumb Code     0  startup_stm32f446xx.o(.text)
    PVD_IRQHandler                           0x08000287   Thumb Code     0  startup_stm32f446xx.o(.text)
    QuadSPI_IRQHandler                       0x08000287   Thumb Code     0  startup_stm32f446xx.o(.text)
    RCC_IRQHandler                           0x08000287   Thumb Code     0  startup_stm32f446xx.o(.text)
    RTC_Alarm_IRQHandler                     0x08000287   Thumb Code     0  startup_stm32f446xx.o(.text)
    RTC_WKUP_IRQHandler                      0x08000287   Thumb Code     0  startup_stm32f446xx.o(.text)
    SAI1_IRQHandler                          0x08000287   Thumb Code     0  startup_stm32f446xx.o(.text)
    SAI2_IRQHandler                          0x08000287   Thumb Code     0  startup_stm32f446xx.o(.text)
    SDIO_IRQHandler                          0x08000287   Thumb Code     0  startup_stm32f446xx.o(.text)
    SPDIF_RX_IRQHandler                      0x08000287   Thumb Code     0  startup_stm32f446xx.o(.text)
    SPI1_IRQHandler                          0x08000287   Thumb Code     0  startup_stm32f446xx.o(.text)
    SPI2_IRQHandler                          0x08000287   Thumb Code     0  startup_stm32f446xx.o(.text)
    SPI3_IRQHandler                          0x08000287   Thumb Code     0  startup_stm32f446xx.o(.text)
    SPI4_IRQHandler                          0x08000287   Thumb Code     0  startup_stm32f446xx.o(.text)
    TAMP_STAMP_IRQHandler                    0x08000287   Thumb Code     0  startup_stm32f446xx.o(.text)
    TIM1_BRK_TIM9_IRQHandler                 0x08000287   Thumb Code     0  startup_stm32f446xx.o(.text)
    TIM1_CC_IRQHandler                       0x08000287   Thumb Code     0  startup_stm32f446xx.o(.text)
    TIM1_TRG_COM_TIM11_IRQHandler            0x08000287   Thumb Code     0  startup_stm32f446xx.o(.text)
    TIM1_UP_TIM10_IRQHandler                 0x08000287   Thumb Code     0  startup_stm32f446xx.o(.text)
    TIM3_IRQHandler                          0x08000287   Thumb Code     0  startup_stm32f446xx.o(.text)
    TIM4_IRQHandler                          0x08000287   Thumb Code     0  startup_stm32f446xx.o(.text)
    TIM5_IRQHandler                          0x08000287   Thumb Code     0  startup_stm32f446xx.o(.text)
    TIM6_DAC_IRQHandler                      0x08000287   Thumb Code     0  startup_stm32f446xx.o(.text)
    TIM7_IRQHandler                          0x08000287   Thumb Code     0  startup_stm32f446xx.o(.text)
    TIM8_BRK_TIM12_IRQHandler                0x08000287   Thumb Code     0  startup_stm32f446xx.o(.text)
    TIM8_CC_IRQHandler                       0x08000287   Thumb Code     0  startup_stm32f446xx.o(.text)
    TIM8_TRG_COM_TIM14_IRQHandler            0x08000287   Thumb Code     0  startup_stm32f446xx.o(.text)
    TIM8_UP_TIM13_IRQHandler                 0x08000287   Thumb Code     0  startup_stm32f446xx.o(.text)
    UART4_IRQHandler                         0x08000287   Thumb Code     0  startup_stm32f446xx.o(.text)
    UART5_IRQHandler                         0x08000287   Thumb Code     0  startup_stm32f446xx.o(.text)
    USART2_IRQHandler                        0x08000287   Thumb Code     0  startup_stm32f446xx.o(.text)
    USART3_IRQHandler                        0x08000287   Thumb Code     0  startup_stm32f446xx.o(.text)
    USART6_IRQHandler                        0x08000287   Thumb Code     0  startup_stm32f446xx.o(.text)
    WWDG_IRQHandler                          0x08000287   Thumb Code     0  startup_stm32f446xx.o(.text)
    __user_initial_stackheap                 0x08000289   Thumb Code     0  startup_stm32f446xx.o(.text)
    NVIC_PriorityGroupConfig                 0x080002ad   Thumb Code    10  misc.o(.text)
    NVIC_Init                                0x080002b7   Thumb Code    96  misc.o(.text)
    NVIC_SetVectorTable                      0x08000317   Thumb Code    14  misc.o(.text)
    NVIC_SystemLPConfig                      0x08000325   Thumb Code    20  misc.o(.text)
    SysTick_CLKSourceConfig                  0x08000339   Thumb Code    24  misc.o(.text)
    RCC_DeInit                               0x0800035d   Thumb Code    68  stm32f4xx_rcc.o(.text)
    RCC_HSEConfig                            0x080003a1   Thumb Code    12  stm32f4xx_rcc.o(.text)
    RCC_GetFlagStatus                        0x080003ad   Thumb Code    46  stm32f4xx_rcc.o(.text)
    RCC_WaitForHSEStartUp                    0x080003db   Thumb Code    44  stm32f4xx_rcc.o(.text)
    RCC_AdjustHSICalibrationValue            0x08000407   Thumb Code    16  stm32f4xx_rcc.o(.text)
    RCC_HSICmd                               0x08000417   Thumb Code     6  stm32f4xx_rcc.o(.text)
    RCC_LSEConfig                            0x0800041d   Thumb Code    24  stm32f4xx_rcc.o(.text)
    RCC_LSICmd                               0x08000435   Thumb Code     6  stm32f4xx_rcc.o(.text)
    RCC_PLLConfig                            0x0800043b   Thumb Code    38  stm32f4xx_rcc.o(.text)
    RCC_PLLCmd                               0x08000461   Thumb Code     6  stm32f4xx_rcc.o(.text)
    RCC_PLLI2SConfig                         0x08000467   Thumb Code    34  stm32f4xx_rcc.o(.text)
    RCC_PLLI2SCmd                            0x08000489   Thumb Code     6  stm32f4xx_rcc.o(.text)
    RCC_PLLSAIConfig                         0x0800048f   Thumb Code    26  stm32f4xx_rcc.o(.text)
    RCC_PLLSAICmd                            0x080004a9   Thumb Code     6  stm32f4xx_rcc.o(.text)
    RCC_ClockSecuritySystemCmd               0x080004af   Thumb Code     6  stm32f4xx_rcc.o(.text)
    RCC_MCO1Config                           0x080004b5   Thumb Code    18  stm32f4xx_rcc.o(.text)
    RCC_MCO2Config                           0x080004c7   Thumb Code    18  stm32f4xx_rcc.o(.text)
    RCC_SYSCLKConfig                         0x080004d9   Thumb Code    16  stm32f4xx_rcc.o(.text)
    RCC_GetSYSCLKSource                      0x080004e9   Thumb Code    12  stm32f4xx_rcc.o(.text)
    RCC_HCLKConfig                           0x080004f5   Thumb Code    16  stm32f4xx_rcc.o(.text)
    RCC_PCLK1Config                          0x08000505   Thumb Code    16  stm32f4xx_rcc.o(.text)
    RCC_PCLK2Config                          0x08000515   Thumb Code    18  stm32f4xx_rcc.o(.text)
    RCC_GetClocksFreq                        0x08000527   Thumb Code   176  stm32f4xx_rcc.o(.text)
    RCC_RTCCLKConfig                         0x080005d7   Thumb Code    42  stm32f4xx_rcc.o(.text)
    RCC_RTCCLKCmd                            0x08000601   Thumb Code     8  stm32f4xx_rcc.o(.text)
    RCC_BackupResetCmd                       0x08000609   Thumb Code     8  stm32f4xx_rcc.o(.text)
    RCC_I2SCLKConfig                         0x08000611   Thumb Code    38  stm32f4xx_rcc.o(.text)
    RCC_SAICLKConfig                         0x08000637   Thumb Code    38  stm32f4xx_rcc.o(.text)
    RCC_SAIPLLI2SClkDivConfig                0x0800065d   Thumb Code    18  stm32f4xx_rcc.o(.text)
    RCC_SAIPLLSAIClkDivConfig                0x0800066f   Thumb Code    24  stm32f4xx_rcc.o(.text)
    RCC_LTDCCLKDivConfig                     0x08000687   Thumb Code    16  stm32f4xx_rcc.o(.text)
    RCC_TIMCLKPresConfig                     0x08000697   Thumb Code     8  stm32f4xx_rcc.o(.text)
    RCC_AHB1PeriphClockCmd                   0x0800069f   Thumb Code    20  stm32f4xx_rcc.o(.text)
    RCC_AHB2PeriphClockCmd                   0x080006b3   Thumb Code    20  stm32f4xx_rcc.o(.text)
    RCC_AHB3PeriphClockCmd                   0x080006c7   Thumb Code    20  stm32f4xx_rcc.o(.text)
    RCC_APB1PeriphClockCmd                   0x080006db   Thumb Code    20  stm32f4xx_rcc.o(.text)
    RCC_APB2PeriphClockCmd                   0x080006ef   Thumb Code    20  stm32f4xx_rcc.o(.text)
    RCC_AHB1PeriphResetCmd                   0x08000703   Thumb Code    20  stm32f4xx_rcc.o(.text)
    RCC_AHB2PeriphResetCmd                   0x08000717   Thumb Code    20  stm32f4xx_rcc.o(.text)
    RCC_AHB3PeriphResetCmd                   0x0800072b   Thumb Code    66  stm32f4xx_rcc.o(.text)
    RCC_APB1PeriphResetCmd                   0x0800076d   Thumb Code    18  stm32f4xx_rcc.o(.text)
    RCC_APB2PeriphResetCmd                   0x0800077f   Thumb Code    20  stm32f4xx_rcc.o(.text)
    RCC_AHB1PeriphClockLPModeCmd             0x08000793   Thumb Code    20  stm32f4xx_rcc.o(.text)
    RCC_AHB2PeriphClockLPModeCmd             0x080007a7   Thumb Code    20  stm32f4xx_rcc.o(.text)
    RCC_AHB3PeriphClockLPModeCmd             0x080007bb   Thumb Code    20  stm32f4xx_rcc.o(.text)
    RCC_APB1PeriphClockLPModeCmd             0x080007cf   Thumb Code    20  stm32f4xx_rcc.o(.text)
    RCC_APB2PeriphClockLPModeCmd             0x080007e3   Thumb Code    20  stm32f4xx_rcc.o(.text)
    RCC_LSEModeConfig                        0x080007f7   Thumb Code    24  stm32f4xx_rcc.o(.text)
    RCC_48MHzClockSourceConfig               0x0800080f   Thumb Code    24  stm32f4xx_rcc.o(.text)
    RCC_SDIOClockSourceConfig                0x08000827   Thumb Code    24  stm32f4xx_rcc.o(.text)
    RCC_AHB1ClockGatingCmd                   0x0800083f   Thumb Code    20  stm32f4xx_rcc.o(.text)
    RCC_SPDIFRXClockSourceConfig             0x08000853   Thumb Code    24  stm32f4xx_rcc.o(.text)
    RCC_CECClockSourceConfig                 0x0800086b   Thumb Code    24  stm32f4xx_rcc.o(.text)
    RCC_FMPI2C1ClockSourceConfig             0x08000883   Thumb Code    20  stm32f4xx_rcc.o(.text)
    RCC_ITConfig                             0x08000897   Thumb Code    20  stm32f4xx_rcc.o(.text)
    RCC_ClearFlag                            0x080008ab   Thumb Code    14  stm32f4xx_rcc.o(.text)
    RCC_GetITStatus                          0x080008b9   Thumb Code    18  stm32f4xx_rcc.o(.text)
    RCC_ClearITPendingBit                    0x080008cb   Thumb Code     8  stm32f4xx_rcc.o(.text)
    GPIO_DeInit                              0x080008d9   Thumb Code   216  stm32f4xx_gpio.o(.text)
    GPIO_Init                                0x080009b1   Thumb Code   120  stm32f4xx_gpio.o(.text)
    GPIO_StructInit                          0x08000a29   Thumb Code    18  stm32f4xx_gpio.o(.text)
    GPIO_PinLockConfig                       0x08000a3b   Thumb Code    24  stm32f4xx_gpio.o(.text)
    GPIO_ReadInputDataBit                    0x08000a53   Thumb Code    14  stm32f4xx_gpio.o(.text)
    GPIO_ReadInputData                       0x08000a61   Thumb Code     6  stm32f4xx_gpio.o(.text)
    GPIO_ReadOutputDataBit                   0x08000a67   Thumb Code    14  stm32f4xx_gpio.o(.text)
    GPIO_ReadOutputData                      0x08000a75   Thumb Code     6  stm32f4xx_gpio.o(.text)
    GPIO_SetBits                             0x08000a7b   Thumb Code     4  stm32f4xx_gpio.o(.text)
    GPIO_ResetBits                           0x08000a7f   Thumb Code     4  stm32f4xx_gpio.o(.text)
    GPIO_WriteBit                            0x08000a83   Thumb Code    10  stm32f4xx_gpio.o(.text)
    GPIO_Write                               0x08000a8d   Thumb Code     4  stm32f4xx_gpio.o(.text)
    GPIO_ToggleBits                          0x08000a91   Thumb Code     8  stm32f4xx_gpio.o(.text)
    GPIO_PinAFConfig                         0x08000a99   Thumb Code    32  stm32f4xx_gpio.o(.text)
    USART_DeInit                             0x08000ae5   Thumb Code   138  stm32f4xx_usart.o(.text)
    USART_Init                               0x08000b6f   Thumb Code   164  stm32f4xx_usart.o(.text)
    USART_StructInit                         0x08000c13   Thumb Code    22  stm32f4xx_usart.o(.text)
    USART_ClockInit                          0x08000c29   Thumb Code    28  stm32f4xx_usart.o(.text)
    USART_ClockStructInit                    0x08000c45   Thumb Code    12  stm32f4xx_usart.o(.text)
    USART_Cmd                                0x08000c51   Thumb Code    20  stm32f4xx_usart.o(.text)
    USART_SetPrescaler                       0x08000c65   Thumb Code    16  stm32f4xx_usart.o(.text)
    USART_OverSampling8Cmd                   0x08000c75   Thumb Code    20  stm32f4xx_usart.o(.text)
    USART_OneBitMethodCmd                    0x08000c89   Thumb Code    20  stm32f4xx_usart.o(.text)
    USART_SendData                           0x08000c9d   Thumb Code     8  stm32f4xx_usart.o(.text)
    USART_ReceiveData                        0x08000ca5   Thumb Code     8  stm32f4xx_usart.o(.text)
    USART_SetAddress                         0x08000cad   Thumb Code    16  stm32f4xx_usart.o(.text)
    USART_ReceiverWakeUpCmd                  0x08000cbd   Thumb Code    20  stm32f4xx_usart.o(.text)
    USART_WakeUpConfig                       0x08000cd1   Thumb Code    16  stm32f4xx_usart.o(.text)
    USART_LINBreakDetectLengthConfig         0x08000ce1   Thumb Code    16  stm32f4xx_usart.o(.text)
    USART_LINCmd                             0x08000cf1   Thumb Code    20  stm32f4xx_usart.o(.text)
    USART_SendBreak                          0x08000d05   Thumb Code    10  stm32f4xx_usart.o(.text)
    USART_HalfDuplexCmd                      0x08000d0f   Thumb Code    20  stm32f4xx_usart.o(.text)
    USART_SetGuardTime                       0x08000d23   Thumb Code    16  stm32f4xx_usart.o(.text)
    USART_SmartCardCmd                       0x08000d33   Thumb Code    20  stm32f4xx_usart.o(.text)
    USART_SmartCardNACKCmd                   0x08000d47   Thumb Code    20  stm32f4xx_usart.o(.text)
    USART_IrDAConfig                         0x08000d5b   Thumb Code    16  stm32f4xx_usart.o(.text)
    USART_IrDACmd                            0x08000d6b   Thumb Code    20  stm32f4xx_usart.o(.text)
    USART_DMACmd                             0x08000d7f   Thumb Code    16  stm32f4xx_usart.o(.text)
    USART_ITConfig                           0x08000d8f   Thumb Code    48  stm32f4xx_usart.o(.text)
    USART_GetFlagStatus                      0x08000dbf   Thumb Code    14  stm32f4xx_usart.o(.text)
    USART_ClearFlag                          0x08000dcd   Thumb Code     6  stm32f4xx_usart.o(.text)
    USART_GetITStatus                        0x08000dd3   Thumb Code    62  stm32f4xx_usart.o(.text)
    USART_ClearITPendingBit                  0x08000e11   Thumb Code    12  stm32f4xx_usart.o(.text)
    ADC_DeInit                               0x08000e3d   Thumb Code    24  stm32f4xx_adc.o(.text)
    ADC_Init                                 0x08000e55   Thumb Code    66  stm32f4xx_adc.o(.text)
    ADC_StructInit                           0x08000e97   Thumb Code    20  stm32f4xx_adc.o(.text)
    ADC_CommonInit                           0x08000eab   Thumb Code    34  stm32f4xx_adc.o(.text)
    ADC_CommonStructInit                     0x08000ecd   Thumb Code    12  stm32f4xx_adc.o(.text)
    ADC_Cmd                                  0x08000ed9   Thumb Code    20  stm32f4xx_adc.o(.text)
    ADC_AnalogWatchdogCmd                    0x08000eed   Thumb Code    12  stm32f4xx_adc.o(.text)
    ADC_AnalogWatchdogThresholdsConfig       0x08000ef9   Thumb Code     6  stm32f4xx_adc.o(.text)
    ADC_AnalogWatchdogSingleChannelConfig    0x08000eff   Thumb Code    12  stm32f4xx_adc.o(.text)
    ADC_TempSensorVrefintCmd                 0x08000f0b   Thumb Code    26  stm32f4xx_adc.o(.text)
    ADC_VBATCmd                              0x08000f25   Thumb Code    26  stm32f4xx_adc.o(.text)
    ADC_RegularChannelConfig                 0x08000f3f   Thumb Code   116  stm32f4xx_adc.o(.text)
    ADC_SoftwareStartConv                    0x08000fb3   Thumb Code    10  stm32f4xx_adc.o(.text)
    ADC_GetSoftwareStartConvStatus           0x08000fbd   Thumb Code    14  stm32f4xx_adc.o(.text)
    ADC_EOCOnEachRegularChannelCmd           0x08000fcb   Thumb Code    20  stm32f4xx_adc.o(.text)
    ADC_ContinuousModeCmd                    0x08000fdf   Thumb Code    20  stm32f4xx_adc.o(.text)
    ADC_DiscModeChannelCountConfig           0x08000ff3   Thumb Code    16  stm32f4xx_adc.o(.text)
    ADC_DiscModeCmd                          0x08001003   Thumb Code    20  stm32f4xx_adc.o(.text)
    ADC_GetConversionValue                   0x08001017   Thumb Code     6  stm32f4xx_adc.o(.text)
    ADC_GetMultiModeConversionValue          0x0800101d   Thumb Code     8  stm32f4xx_adc.o(.text)
    ADC_DMACmd                               0x08001025   Thumb Code    20  stm32f4xx_adc.o(.text)
    ADC_DMARequestAfterLastTransferCmd       0x08001039   Thumb Code    20  stm32f4xx_adc.o(.text)
    ADC_MultiModeDMARequestAfterLastTransferCmd 0x0800104d   Thumb Code    26  stm32f4xx_adc.o(.text)
    ADC_InjectedChannelConfig                0x08001067   Thumb Code    74  stm32f4xx_adc.o(.text)
    ADC_InjectedSequencerLengthConfig        0x080010b1   Thumb Code    16  stm32f4xx_adc.o(.text)
    ADC_SetInjectedOffset                    0x080010c1   Thumb Code    10  stm32f4xx_adc.o(.text)
    ADC_ExternalTrigInjectedConvConfig       0x080010cb   Thumb Code    12  stm32f4xx_adc.o(.text)
    ADC_ExternalTrigInjectedConvEdgeConfig   0x080010d7   Thumb Code    12  stm32f4xx_adc.o(.text)
    ADC_SoftwareStartInjectedConv            0x080010e3   Thumb Code    10  stm32f4xx_adc.o(.text)
    ADC_GetSoftwareStartInjectedConvCmdStatus 0x080010ed   Thumb Code    14  stm32f4xx_adc.o(.text)
    ADC_AutoInjectedConvCmd                  0x080010fb   Thumb Code    20  stm32f4xx_adc.o(.text)
    ADC_InjectedDiscModeCmd                  0x0800110f   Thumb Code    20  stm32f4xx_adc.o(.text)
    ADC_GetInjectedConversionValue           0x08001123   Thumb Code    14  stm32f4xx_adc.o(.text)
    ADC_ITConfig                             0x08001131   Thumb Code    18  stm32f4xx_adc.o(.text)
    ADC_GetFlagStatus                        0x08001143   Thumb Code    14  stm32f4xx_adc.o(.text)
    ADC_ClearFlag                            0x08001151   Thumb Code     6  stm32f4xx_adc.o(.text)
    ADC_GetITStatus                          0x08001157   Thumb Code    30  stm32f4xx_adc.o(.text)
    ADC_ClearITPendingBit                    0x08001175   Thumb Code     8  stm32f4xx_adc.o(.text)
    TM_GPIO_GetPortSource                    0x08001191   Thumb Code    10  tm_stm32f4_gpio.o(.text)
    TM_GPIO_INT_Init                         0x0800119b   Thumb Code   130  tm_stm32f4_gpio.o(.text)
    TM_GPIO_INT_EnableClock                  0x0800121d   Thumb Code    20  tm_stm32f4_gpio.o(.text)
    TM_GPIO_Init                             0x08001231   Thumb Code    34  tm_stm32f4_gpio.o(.text)
    TM_GPIO_InitAlternate                    0x08001253   Thumb Code    92  tm_stm32f4_gpio.o(.text)
    TM_GPIO_DeInit                           0x080012af   Thumb Code    66  tm_stm32f4_gpio.o(.text)
    TM_GPIO_SetPinAsInput                    0x080012f1   Thumb Code    38  tm_stm32f4_gpio.o(.text)
    TM_GPIO_SetPinAsOutput                   0x08001317   Thumb Code    46  tm_stm32f4_gpio.o(.text)
    TM_GPIO_SetPinAsAnalog                   0x08001345   Thumb Code    38  tm_stm32f4_gpio.o(.text)
    TM_GPIO_SetPinAsAlternate                0x0800136b   Thumb Code    48  tm_stm32f4_gpio.o(.text)
    TM_GPIO_SetPullResistor                  0x0800139b   Thumb Code    46  tm_stm32f4_gpio.o(.text)
    TM_GPIO_Lock                             0x080013c9   Thumb Code    16  tm_stm32f4_gpio.o(.text)
    TM_GPIO_GetPinSource                     0x080013d9   Thumb Code    18  tm_stm32f4_gpio.o(.text)
    TM_GPIO_INT_DisableClock                 0x080013eb   Thumb Code    20  tm_stm32f4_gpio.o(.text)
    TM_GPIO_GetUsedPins                      0x080013ff   Thumb Code    14  tm_stm32f4_gpio.o(.text)
    TM_GPIO_GetFreePins                      0x0800140d   Thumb Code    18  tm_stm32f4_gpio.o(.text)
    TM_ADC_InitADC                           0x0800142d   Thumb Code   116  tm_stm32f4_adc.o(.text)
    TM_ADC_INT_InitPin                       0x080014a1   Thumb Code    20  tm_stm32f4_adc.o(.text)
    TM_ADC_INT_Channel_15_Init               0x080014b5   Thumb Code    32  tm_stm32f4_adc.o(.text)
    TM_ADC_INT_Channel_14_Init               0x080014d5   Thumb Code    42  tm_stm32f4_adc.o(.text)
    TM_ADC_INT_Channel_13_Init               0x080014ff   Thumb Code     6  tm_stm32f4_adc.o(.text)
    TM_ADC_INT_Channel_12_Init               0x08001505   Thumb Code     6  tm_stm32f4_adc.o(.text)
    TM_ADC_INT_Channel_11_Init               0x0800150b   Thumb Code     6  tm_stm32f4_adc.o(.text)
    TM_ADC_INT_Channel_10_Init               0x08001511   Thumb Code     6  tm_stm32f4_adc.o(.text)
    TM_ADC_INT_Channel_9_Init                0x08001517   Thumb Code    42  tm_stm32f4_adc.o(.text)
    TM_ADC_INT_Channel_8_Init                0x08001541   Thumb Code    42  tm_stm32f4_adc.o(.text)
    TM_ADC_INT_Channel_7_Init                0x0800156b   Thumb Code    42  tm_stm32f4_adc.o(.text)
    TM_ADC_INT_Channel_6_Init                0x08001595   Thumb Code    42  tm_stm32f4_adc.o(.text)
    TM_ADC_INT_Channel_5_Init                0x080015bf   Thumb Code    42  tm_stm32f4_adc.o(.text)
    TM_ADC_INT_Channel_4_Init                0x080015e9   Thumb Code    42  tm_stm32f4_adc.o(.text)
    TM_ADC_INT_Channel_3_Init                0x08001613   Thumb Code     6  tm_stm32f4_adc.o(.text)
    TM_ADC_INT_Channel_2_Init                0x08001619   Thumb Code     6  tm_stm32f4_adc.o(.text)
    TM_ADC_INT_Channel_1_Init                0x0800161f   Thumb Code     6  tm_stm32f4_adc.o(.text)
    TM_ADC_INT_Channel_0_Init                0x08001625   Thumb Code     6  tm_stm32f4_adc.o(.text)
    TM_ADC_Init                              0x0800162b   Thumb Code   162  tm_stm32f4_adc.o(.text)
    TM_ADC_Read                              0x080016cd   Thumb Code    44  tm_stm32f4_adc.o(.text)
    TM_ADC_EnableVbat                        0x080016f9   Thumb Code    16  tm_stm32f4_adc.o(.text)
    TM_ADC_DisableVbat                       0x08001709   Thumb Code    16  tm_stm32f4_adc.o(.text)
    TM_ADC_ReadVbat                          0x08001719   Thumb Code    34  tm_stm32f4_adc.o(.text)
    Init_Gpio_UART                           0x0800175d   Thumb Code   102  main.o(.text)
    Init_USART                               0x080017c3   Thumb Code    60  main.o(.text)
    Init_Nvic_USART                          0x080017ff   Thumb Code    16  main.o(.text)
    send_Uart                                0x0800180f   Thumb Code    30  main.o(.text)
    send_Uart_str                            0x0800182d   Thumb Code    24  main.o(.text)
    timer_delay                              0x08001845   Thumb Code    88  main.o(.text)
    GetKTY81                                 0x0800189d   Thumb Code   138  main.o(.text)
    convertAdcToResistant                    0x08001927   Thumb Code    92  main.o(.text)
    Round                                    0x08001983   Thumb Code    86  main.o(.text)
    Sort                                     0x080019d9   Thumb Code    36  main.o(.text)
    main                                     0x080019fd   Thumb Code   206  main.o(.text)
    USART1_IRQHandler                        0x08001acb   Thumb Code    32  main.o(.text)
    TIM2_IRQHandler                          0x08001aeb   Thumb Code    36  main.o(.text)
    NMI_Handler                              0x08001b81   Thumb Code     2  stm32f4xx_it.o(.text)
    HardFault_Handler                        0x08001b83   Thumb Code     2  stm32f4xx_it.o(.text)
    MemManage_Handler                        0x08001b85   Thumb Code     2  stm32f4xx_it.o(.text)
    BusFault_Handler                         0x08001b87   Thumb Code     2  stm32f4xx_it.o(.text)
    UsageFault_Handler                       0x08001b89   Thumb Code     2  stm32f4xx_it.o(.text)
    SVC_Handler                              0x08001b8b   Thumb Code     2  stm32f4xx_it.o(.text)
    DebugMon_Handler                         0x08001b8d   Thumb Code     2  stm32f4xx_it.o(.text)
    PendSV_Handler                           0x08001b8f   Thumb Code     2  stm32f4xx_it.o(.text)
    TimingDelay_Decrement                    0x08001b91   Thumb Code     2  stm32f4xx_it.o(.text)
    SysTick_Handler                          0x08001b93   Thumb Code     8  stm32f4xx_it.o(.text)
    SystemInit                               0x08001c5b   Thumb Code    74  system_stm32f4xx.o(.text)
    SystemCoreClockUpdate                    0x08001ca5   Thumb Code   150  system_stm32f4xx.o(.text)
    TIM_DeInit                               0x08001d61   Thumb Code   284  stm32f4xx_tim.o(.text)
    TIM_TimeBaseInit                         0x08001e7d   Thumb Code    96  stm32f4xx_tim.o(.text)
    TIM_TimeBaseStructInit                   0x08001edd   Thumb Code    18  stm32f4xx_tim.o(.text)
    TIM_PrescalerConfig                      0x08001eef   Thumb Code     6  stm32f4xx_tim.o(.text)
    TIM_CounterModeConfig                    0x08001ef5   Thumb Code    12  stm32f4xx_tim.o(.text)
    TIM_SetCounter                           0x08001f01   Thumb Code     4  stm32f4xx_tim.o(.text)
    TIM_SetAutoreload                        0x08001f05   Thumb Code     4  stm32f4xx_tim.o(.text)
    TIM_GetCounter                           0x08001f09   Thumb Code     4  stm32f4xx_tim.o(.text)
    TIM_GetPrescaler                         0x08001f0d   Thumb Code     4  stm32f4xx_tim.o(.text)
    TIM_UpdateDisableConfig                  0x08001f11   Thumb Code    20  stm32f4xx_tim.o(.text)
    TIM_UpdateRequestConfig                  0x08001f25   Thumb Code    20  stm32f4xx_tim.o(.text)
    TIM_ARRPreloadConfig                     0x08001f39   Thumb Code    20  stm32f4xx_tim.o(.text)
    TIM_SelectOnePulseMode                   0x08001f4d   Thumb Code    16  stm32f4xx_tim.o(.text)
    TIM_SetClockDivision                     0x08001f5d   Thumb Code    16  stm32f4xx_tim.o(.text)
    TIM_Cmd                                  0x08001f6d   Thumb Code    20  stm32f4xx_tim.o(.text)
    TIM_OC1Init                              0x08001f81   Thumb Code    88  stm32f4xx_tim.o(.text)
    TIM_OC2Init                              0x08001fd9   Thumb Code   120  stm32f4xx_tim.o(.text)
    TIM_OC3Init                              0x08002051   Thumb Code   116  stm32f4xx_tim.o(.text)
    TIM_OC4Init                              0x080020c5   Thumb Code    88  stm32f4xx_tim.o(.text)
    TIM_OCStructInit                         0x0800211d   Thumb Code    20  stm32f4xx_tim.o(.text)
    TIM_SelectOCxM                           0x08002131   Thumb Code   130  stm32f4xx_tim.o(.text)
    TIM_SetCompare1                          0x080021b3   Thumb Code     4  stm32f4xx_tim.o(.text)
    TIM_SetCompare2                          0x080021b7   Thumb Code     4  stm32f4xx_tim.o(.text)
    TIM_SetCompare3                          0x080021bb   Thumb Code     4  stm32f4xx_tim.o(.text)
    TIM_SetCompare4                          0x080021bf   Thumb Code     4  stm32f4xx_tim.o(.text)
    TIM_ForcedOC1Config                      0x080021c3   Thumb Code    12  stm32f4xx_tim.o(.text)
    TIM_ForcedOC2Config                      0x080021cf   Thumb Code    20  stm32f4xx_tim.o(.text)
    TIM_ForcedOC3Config                      0x080021e3   Thumb Code    12  stm32f4xx_tim.o(.text)
    TIM_ForcedOC4Config                      0x080021ef   Thumb Code    20  stm32f4xx_tim.o(.text)
    TIM_OC1PreloadConfig                     0x08002203   Thumb Code    12  stm32f4xx_tim.o(.text)
    TIM_OC2PreloadConfig                     0x0800220f   Thumb Code    20  stm32f4xx_tim.o(.text)
    TIM_OC3PreloadConfig                     0x08002223   Thumb Code    12  stm32f4xx_tim.o(.text)
    TIM_OC4PreloadConfig                     0x0800222f   Thumb Code    20  stm32f4xx_tim.o(.text)
    TIM_OC1FastConfig                        0x08002243   Thumb Code    12  stm32f4xx_tim.o(.text)
    TIM_OC2FastConfig                        0x0800224f   Thumb Code    20  stm32f4xx_tim.o(.text)
    TIM_OC3FastConfig                        0x08002263   Thumb Code    12  stm32f4xx_tim.o(.text)
    TIM_OC4FastConfig                        0x0800226f   Thumb Code    20  stm32f4xx_tim.o(.text)
    TIM_ClearOC1Ref                          0x08002283   Thumb Code    12  stm32f4xx_tim.o(.text)
    TIM_ClearOC2Ref                          0x0800228f   Thumb Code    20  stm32f4xx_tim.o(.text)
    TIM_ClearOC3Ref                          0x080022a3   Thumb Code    12  stm32f4xx_tim.o(.text)
    TIM_ClearOC4Ref                          0x080022af   Thumb Code    20  stm32f4xx_tim.o(.text)
    TIM_OC1PolarityConfig                    0x080022c3   Thumb Code    12  stm32f4xx_tim.o(.text)
    TIM_OC1NPolarityConfig                   0x080022cf   Thumb Code    12  stm32f4xx_tim.o(.text)
    TIM_OC2PolarityConfig                    0x080022db   Thumb Code    20  stm32f4xx_tim.o(.text)
    TIM_OC2NPolarityConfig                   0x080022ef   Thumb Code    20  stm32f4xx_tim.o(.text)
    TIM_OC3PolarityConfig                    0x08002303   Thumb Code    20  stm32f4xx_tim.o(.text)
    TIM_OC3NPolarityConfig                   0x08002317   Thumb Code    20  stm32f4xx_tim.o(.text)
    TIM_OC4PolarityConfig                    0x0800232b   Thumb Code    20  stm32f4xx_tim.o(.text)
    TIM_CCxCmd                               0x0800233f   Thumb Code    22  stm32f4xx_tim.o(.text)
    TIM_CCxNCmd                              0x08002355   Thumb Code    22  stm32f4xx_tim.o(.text)
    TIM_SetIC4Prescaler                      0x0800236b   Thumb Code    24  stm32f4xx_tim.o(.text)
    TIM_SetIC3Prescaler                      0x08002383   Thumb Code    16  stm32f4xx_tim.o(.text)
    TIM_SetIC2Prescaler                      0x08002393   Thumb Code    24  stm32f4xx_tim.o(.text)
    TIM_SetIC1Prescaler                      0x080023e1   Thumb Code    16  stm32f4xx_tim.o(.text)
    TIM_ICInit                               0x080023f1   Thumb Code   164  stm32f4xx_tim.o(.text)
    TIM_ICStructInit                         0x08002495   Thumb Code    16  stm32f4xx_tim.o(.text)
    TIM_PWMIConfig                           0x080024a5   Thumb Code   104  stm32f4xx_tim.o(.text)
    TIM_GetCapture1                          0x0800250d   Thumb Code     4  stm32f4xx_tim.o(.text)
    TIM_GetCapture2                          0x08002511   Thumb Code     4  stm32f4xx_tim.o(.text)
    TIM_GetCapture3                          0x08002515   Thumb Code     4  stm32f4xx_tim.o(.text)
    TIM_GetCapture4                          0x08002519   Thumb Code     4  stm32f4xx_tim.o(.text)
    TIM_BDTRConfig                           0x0800251d   Thumb Code    34  stm32f4xx_tim.o(.text)
    TIM_BDTRStructInit                       0x0800253f   Thumb Code    18  stm32f4xx_tim.o(.text)
    TIM_CtrlPWMOutputs                       0x08002551   Thumb Code    22  stm32f4xx_tim.o(.text)
    TIM_SelectCOM                            0x08002567   Thumb Code    20  stm32f4xx_tim.o(.text)
    TIM_CCPreloadControl                     0x0800257b   Thumb Code    20  stm32f4xx_tim.o(.text)
    TIM_ITConfig                             0x0800258f   Thumb Code    16  stm32f4xx_tim.o(.text)
    TIM_GenerateEvent                        0x0800259f   Thumb Code     4  stm32f4xx_tim.o(.text)
    TIM_GetFlagStatus                        0x080025a3   Thumb Code    14  stm32f4xx_tim.o(.text)
    TIM_ClearFlag                            0x080025b1   Thumb Code     6  stm32f4xx_tim.o(.text)
    TIM_GetITStatus                          0x080025b7   Thumb Code    24  stm32f4xx_tim.o(.text)
    TIM_ClearITPendingBit                    0x080025cf   Thumb Code     6  stm32f4xx_tim.o(.text)
    TIM_DMAConfig                            0x080025d5   Thumb Code     8  stm32f4xx_tim.o(.text)
    TIM_DMACmd                               0x080025dd   Thumb Code    16  stm32f4xx_tim.o(.text)
    TIM_SelectCCDMA                          0x080025ed   Thumb Code    20  stm32f4xx_tim.o(.text)
    TIM_InternalClockConfig                  0x08002601   Thumb Code    10  stm32f4xx_tim.o(.text)
    TIM_SelectInputTrigger                   0x0800260b   Thumb Code    12  stm32f4xx_tim.o(.text)
    TIM_ITRxExternalClockConfig              0x08002617   Thumb Code    18  stm32f4xx_tim.o(.text)
    TIM_TIxExternalClockConfig               0x08002629   Thumb Code    46  stm32f4xx_tim.o(.text)
    TIM_ETRConfig                            0x08002657   Thumb Code    24  stm32f4xx_tim.o(.text)
    TIM_ETRClockMode1Config                  0x0800266f   Thumb Code    18  stm32f4xx_tim.o(.text)
    TIM_ETRClockMode2Config                  0x08002681   Thumb Code    18  stm32f4xx_tim.o(.text)
    TIM_SelectOutputTrigger                  0x08002693   Thumb Code    16  stm32f4xx_tim.o(.text)
    TIM_SelectSlaveMode                      0x080026a3   Thumb Code    16  stm32f4xx_tim.o(.text)
    TIM_SelectMasterSlaveMode                0x080026b3   Thumb Code    16  stm32f4xx_tim.o(.text)
    TIM_EncoderInterfaceConfig               0x080026c3   Thumb Code    50  stm32f4xx_tim.o(.text)
    TIM_SelectHallSensor                     0x080026f5   Thumb Code    20  stm32f4xx_tim.o(.text)
    TIM_RemapConfig                          0x08002709   Thumb Code     6  stm32f4xx_tim.o(.text)
    __2sprintf                               0x0800273d   Thumb Code    34  noretval__2sprintf.o(.text)
    __printf                                 0x08002765   Thumb Code   104  __printf.o(.text)
    _printf_int_dec                          0x080027cd   Thumb Code   104  _printf_dec.o(.text)
    __aeabi_memcpy4                          0x08002845   Thumb Code     0  rt_memcpy_w.o(.text)
    __aeabi_memcpy8                          0x08002845   Thumb Code     0  rt_memcpy_w.o(.text)
    __rt_memcpy_w                            0x08002845   Thumb Code   100  rt_memcpy_w.o(.text)
    _memcpy_lastbytes_aligned                0x0800288d   Thumb Code     0  rt_memcpy_w.o(.text)
    __use_two_region_memory                  0x080028a9   Thumb Code     2  heapauxi.o(.text)
    __rt_heap_escrow$2region                 0x080028ab   Thumb Code     2  heapauxi.o(.text)
    __rt_heap_expand$2region                 0x080028ad   Thumb Code     2  heapauxi.o(.text)
    __read_errno                             0x080028af   Thumb Code    10  _rserrno.o(.text)
    __set_errno                              0x080028b9   Thumb Code    12  _rserrno.o(.text)
    _printf_int_common                       0x080028c5   Thumb Code   178  _printf_intcommon.o(.text)
    _printf_char_common                      0x08002983   Thumb Code    32  _printf_char_common.o(.text)
    _sputc                                   0x080029a9   Thumb Code    10  _sputc.o(.text)
    __aeabi_errno_addr                       0x080029b5   Thumb Code     8  rt_errno_addr_intlibspace.o(.text)
    __errno$intlibspace                      0x080029b5   Thumb Code     0  rt_errno_addr_intlibspace.o(.text)
    __rt_errno_addr$intlibspace              0x080029b5   Thumb Code     0  rt_errno_addr_intlibspace.o(.text)
    __user_libspace                          0x080029bd   Thumb Code     8  libspace.o(.text)
    __user_perproc_libspace                  0x080029bd   Thumb Code     0  libspace.o(.text)
    __user_perthread_libspace                0x080029bd   Thumb Code     0  libspace.o(.text)
    __user_setup_stackheap                   0x080029c5   Thumb Code    74  sys_stackheap_outer.o(.text)
    exit                                     0x08002a0f   Thumb Code    18  exit.o(.text)
    _sys_exit                                0x08002a21   Thumb Code     8  sys_exit.o(.text)
    __I$use$semihosting                      0x08002a2d   Thumb Code     0  use_no_semi.o(.text)
    __use_no_semihosting_swi                 0x08002a2d   Thumb Code     2  use_no_semi.o(.text)
    __semihosting_library_function           0x08002a2f   Thumb Code     0  indicate_semi.o(.text)
    __hardfp_ceil                            0x08002a31   Thumb Code   252  ceil.o(i.__hardfp_ceil)
    __hardfp_floor                           0x08002b49   Thumb Code   252  floor.o(i.__hardfp_floor)
    __hardfp_fmodf                           0x08002c61   Thumb Code   176  fmodf.o(i.__hardfp_fmodf)
    __mathlib_flt_invalid                    0x08002d11   Thumb Code    10  funder.o(i.__mathlib_flt_invalid)
    __aeabi_d2f                              0x08002d21   Thumb Code     0  d2f.o(x$fpl$d2f)
    _d2f                                     0x08002d21   Thumb Code    98  d2f.o(x$fpl$d2f)
    __aeabi_dadd                             0x08002d85   Thumb Code     0  daddsub_clz.o(x$fpl$dadd)
    _dadd                                    0x08002d85   Thumb Code   332  daddsub_clz.o(x$fpl$dadd)
    __fpl_dcmp_Inf                           0x08002ed5   Thumb Code    24  dcmpi.o(x$fpl$dcmpinf)
    __aeabi_ddiv                             0x08002eed   Thumb Code     0  ddiv.o(x$fpl$ddiv)
    _ddiv                                    0x08002eed   Thumb Code   552  ddiv.o(x$fpl$ddiv)
    __aeabi_d2iz                             0x0800319d   Thumb Code     0  dfix.o(x$fpl$dfix)
    _dfix                                    0x0800319d   Thumb Code    94  dfix.o(x$fpl$dfix)
    __aeabi_i2d                              0x080031fb   Thumb Code     0  dflt_clz.o(x$fpl$dflt)
    _dflt                                    0x080031fb   Thumb Code    46  dflt_clz.o(x$fpl$dflt)
    __aeabi_cdcmple                          0x08003229   Thumb Code     0  dleqf.o(x$fpl$dleqf)
    _dcmple                                  0x08003229   Thumb Code   120  dleqf.o(x$fpl$dleqf)
    __fpl_dcmple_InfNaN                      0x0800328b   Thumb Code     0  dleqf.o(x$fpl$dleqf)
    __aeabi_dmul                             0x080032a1   Thumb Code     0  dmul.o(x$fpl$dmul)
    _dmul                                    0x080032a1   Thumb Code   332  dmul.o(x$fpl$dmul)
    __fpl_dnaninf                            0x080033f5   Thumb Code   156  dnaninf.o(x$fpl$dnaninf)
    __fpl_dretinf                            0x08003491   Thumb Code    12  dretinf.o(x$fpl$dretinf)
    __aeabi_cdrcmple                         0x0800349d   Thumb Code     0  drleqf.o(x$fpl$drleqf)
    _drcmple                                 0x0800349d   Thumb Code   108  drleqf.o(x$fpl$drleqf)
    __aeabi_drsub                            0x08003509   Thumb Code     0  daddsub_clz.o(x$fpl$drsb)
    _drsb                                    0x08003509   Thumb Code    22  daddsub_clz.o(x$fpl$drsb)
    __aeabi_dsub                             0x08003521   Thumb Code     0  daddsub_clz.o(x$fpl$dsub)
    _dsub                                    0x08003521   Thumb Code   464  daddsub_clz.o(x$fpl$dsub)
    __aeabi_f2d                              0x080036f5   Thumb Code     0  f2d.o(x$fpl$f2d)
    _f2d                                     0x080036f5   Thumb Code    86  f2d.o(x$fpl$f2d)
    __fpl_fnaninf                            0x0800374b   Thumb Code   140  fnaninf.o(x$fpl$fnaninf)
    _fp_init                                 0x080037d7   Thumb Code    10  fpinit.o(x$fpl$fpinit)
    __fplib_config_fpu_vfp                   0x080037df   Thumb Code     0  fpinit.o(x$fpl$fpinit)
    __fplib_config_pureend_doubles           0x080037df   Thumb Code     0  fpinit.o(x$fpl$fpinit)
    _frem                                    0x080037e1   Thumb Code   240  frem_clz.o(x$fpl$frem)
    __fpl_fretinf                            0x080038d5   Thumb Code    10  fretinf.o(x$fpl$fretinf)
    __I$use$fp                               0x080038de   Number         0  usenofp.o(x$fpl$usenofp)
    Region$$Table$$Base                      0x08003934   Number         0  anon$$obj.o(Region$$Table)
    Region$$Table$$Limit                     0x08003954   Number         0  anon$$obj.o(Region$$Table)
    data_usart                               0x20000010   Data           1  main.o(.data)
    time_counter                             0x20000014   Data           4  main.o(.data)
    temperature                              0x20000018   Data           4  main.o(.data)
    smoke                                    0x2000001c   Data           4  main.o(.data)
    humidity                                 0x20000020   Data           4  main.o(.data)
    nvic                                     0x20000024   Data           4  main.o(.data)
    time_send                                0x20000028   Data           4  main.o(.data)
    gpio                                     0x2000002c   Data           8  main.o(.data)
    SystemCoreClock                          0x20000034   Data           4  system_stm32f4xx.o(.data)
    AHBPrescTable                            0x20000038   Data          16  system_stm32f4xx.o(.data)
    usart                                    0x20000060   Data          16  main.o(.bss)
    str                                      0x20000070   Data          15  main.o(.bss)
    __libspace_start                         0x20000080   Data          96  libspace.o(.bss)
    __temporary_stack_top$libspace           0x200000e0   Data           0  libspace.o(.bss)



==============================================================================

Memory Map of the image

  Image Entry point : 0x080001c5

  Load Region LR_IROM1 (Base: 0x08000000, Size: 0x0000399c, Max: 0x00080000, ABSOLUTE)

    Execution Region ER_IROM1 (Base: 0x08000000, Size: 0x00003954, Max: 0x00080000, ABSOLUTE)

    Base Addr    Size         Type   Attr      Idx    E Section Name        Object

    0x08000000   0x000001c4   Data   RO            3    RESET               startup_stm32f446xx.o
    0x080001c4   0x00000008   Code   RO          575  * !!!main             c_w.l(__main.o)
    0x080001cc   0x00000034   Code   RO          829    !!!scatter          c_w.l(__scatter.o)
    0x08000200   0x0000001a   Code   RO          831    !!handler_copy      c_w.l(__scatter_copy.o)
    0x0800021a   0x00000002   PAD
    0x0800021c   0x0000001c   Code   RO          833    !!handler_zi        c_w.l(__scatter_zi.o)
    0x08000238   0x00000000   Code   RO          570    .ARM.Collect$$_printf_percent$$00000000  c_w.l(_printf_percent.o)
    0x08000238   0x00000006   Code   RO          569    .ARM.Collect$$_printf_percent$$00000009  c_w.l(_printf_d.o)
    0x0800023e   0x00000004   Code   RO          636    .ARM.Collect$$_printf_percent$$00000017  c_w.l(_printf_percent_end.o)
    0x08000242   0x00000002   Code   RO          700    .ARM.Collect$$libinit$$00000000  c_w.l(libinit.o)
    0x08000244   0x00000004   Code   RO          705    .ARM.Collect$$libinit$$00000001  c_w.l(libinit2.o)
    0x08000248   0x00000000   Code   RO          708    .ARM.Collect$$libinit$$00000004  c_w.l(libinit2.o)
    0x08000248   0x00000000   Code   RO          711    .ARM.Collect$$libinit$$0000000A  c_w.l(libinit2.o)
    0x08000248   0x00000000   Code   RO          713    .ARM.Collect$$libinit$$0000000C  c_w.l(libinit2.o)
    0x08000248   0x00000000   Code   RO          715    .ARM.Collect$$libinit$$0000000E  c_w.l(libinit2.o)
    0x08000248   0x00000000   Code   RO          718    .ARM.Collect$$libinit$$00000011  c_w.l(libinit2.o)
    0x08000248   0x00000000   Code   RO          720    .ARM.Collect$$libinit$$00000013  c_w.l(libinit2.o)
    0x08000248   0x00000000   Code   RO          722    .ARM.Collect$$libinit$$00000015  c_w.l(libinit2.o)
    0x08000248   0x00000000   Code   RO          724    .ARM.Collect$$libinit$$00000017  c_w.l(libinit2.o)
    0x08000248   0x00000000   Code   RO          726    .ARM.Collect$$libinit$$00000019  c_w.l(libinit2.o)
    0x08000248   0x00000000   Code   RO          728    .ARM.Collect$$libinit$$0000001B  c_w.l(libinit2.o)
    0x08000248   0x00000000   Code   RO          730    .ARM.Collect$$libinit$$0000001D  c_w.l(libinit2.o)
    0x08000248   0x00000000   Code   RO          732    .ARM.Collect$$libinit$$0000001F  c_w.l(libinit2.o)
    0x08000248   0x00000000   Code   RO          734    .ARM.Collect$$libinit$$00000021  c_w.l(libinit2.o)
    0x08000248   0x00000000   Code   RO          736    .ARM.Collect$$libinit$$00000023  c_w.l(libinit2.o)
    0x08000248   0x00000000   Code   RO          738    .ARM.Collect$$libinit$$00000025  c_w.l(libinit2.o)
    0x08000248   0x00000000   Code   RO          742    .ARM.Collect$$libinit$$0000002C  c_w.l(libinit2.o)
    0x08000248   0x00000000   Code   RO          744    .ARM.Collect$$libinit$$0000002E  c_w.l(libinit2.o)
    0x08000248   0x00000000   Code   RO          746    .ARM.Collect$$libinit$$00000030  c_w.l(libinit2.o)
    0x08000248   0x00000000   Code   RO          748    .ARM.Collect$$libinit$$00000032  c_w.l(libinit2.o)
    0x08000248   0x00000002   Code   RO          749    .ARM.Collect$$libinit$$00000033  c_w.l(libinit2.o)
    0x0800024a   0x00000002   Code   RO          769    .ARM.Collect$$libshutdown$$00000000  c_w.l(libshutdown.o)
    0x0800024c   0x00000000   Code   RO          782    .ARM.Collect$$libshutdown$$00000002  c_w.l(libshutdown2.o)
    0x0800024c   0x00000000   Code   RO          784    .ARM.Collect$$libshutdown$$00000004  c_w.l(libshutdown2.o)
    0x0800024c   0x00000000   Code   RO          787    .ARM.Collect$$libshutdown$$00000007  c_w.l(libshutdown2.o)
    0x0800024c   0x00000000   Code   RO          790    .ARM.Collect$$libshutdown$$0000000A  c_w.l(libshutdown2.o)
    0x0800024c   0x00000000   Code   RO          792    .ARM.Collect$$libshutdown$$0000000C  c_w.l(libshutdown2.o)
    0x0800024c   0x00000000   Code   RO          795    .ARM.Collect$$libshutdown$$0000000F  c_w.l(libshutdown2.o)
    0x0800024c   0x00000002   Code   RO          796    .ARM.Collect$$libshutdown$$00000010  c_w.l(libshutdown2.o)
    0x0800024e   0x00000000   Code   RO          627    .ARM.Collect$$rtentry$$00000000  c_w.l(__rtentry.o)
    0x0800024e   0x00000000   Code   RO          665    .ARM.Collect$$rtentry$$00000002  c_w.l(__rtentry2.o)
    0x0800024e   0x00000006   Code   RO          677    .ARM.Collect$$rtentry$$00000004  c_w.l(__rtentry4.o)
    0x08000254   0x00000000   Code   RO          667    .ARM.Collect$$rtentry$$00000009  c_w.l(__rtentry2.o)
    0x08000254   0x00000004   Code   RO          668    .ARM.Collect$$rtentry$$0000000A  c_w.l(__rtentry2.o)
    0x08000258   0x00000000   Code   RO          670    .ARM.Collect$$rtentry$$0000000C  c_w.l(__rtentry2.o)
    0x08000258   0x00000008   Code   RO          671    .ARM.Collect$$rtentry$$0000000D  c_w.l(__rtentry2.o)
    0x08000260   0x00000002   Code   RO          703    .ARM.Collect$$rtexit$$00000000  c_w.l(rtexit.o)
    0x08000262   0x00000000   Code   RO          751    .ARM.Collect$$rtexit$$00000002  c_w.l(rtexit2.o)
    0x08000262   0x00000004   Code   RO          752    .ARM.Collect$$rtexit$$00000003  c_w.l(rtexit2.o)
    0x08000266   0x00000006   Code   RO          753    .ARM.Collect$$rtexit$$00000004  c_w.l(rtexit2.o)
    0x0800026c   0x00000040   Code   RO            4    .text               startup_stm32f446xx.o
    0x080002ac   0x000000b0   Code   RO           13    .text               misc.o
    0x0800035c   0x0000057c   Code   RO          163    .text               stm32f4xx_rcc.o
    0x080008d8   0x0000020c   Code   RO          189    .text               stm32f4xx_gpio.o
    0x08000ae4   0x00000358   Code   RO          237    .text               stm32f4xx_usart.o
    0x08000e3c   0x00000354   Code   RO          285    .text               stm32f4xx_adc.o
    0x08001190   0x0000029c   Code   RO          333    .text               tm_stm32f4_gpio.o
    0x0800142c   0x00000330   Code   RO          366    .text               tm_stm32f4_adc.o
    0x0800175c   0x00000424   Code   RO          394    .text               main.o
    0x08001b80   0x0000001a   Code   RO          442    .text               stm32f4xx_it.o
    0x08001b9a   0x00000002   PAD
    0x08001b9c   0x000001c4   Code   RO          469    .text               system_stm32f4xx.o
    0x08001d60   0x000009dc   Code   RO          517    .text               stm32f4xx_tim.o
    0x0800273c   0x00000028   Code   RO          543    .text               c_w.l(noretval__2sprintf.o)
    0x08002764   0x00000068   Code   RO          545    .text               c_w.l(__printf.o)
    0x080027cc   0x00000078   Code   RO          547    .text               c_w.l(_printf_dec.o)
    0x08002844   0x00000064   Code   RO          571    .text               c_w.l(rt_memcpy_w.o)
    0x080028a8   0x00000006   Code   RO          573    .text               c_w.l(heapauxi.o)
    0x080028ae   0x00000016   Code   RO          628    .text               c_w.l(_rserrno.o)
    0x080028c4   0x000000b2   Code   RO          630    .text               c_w.l(_printf_intcommon.o)
    0x08002976   0x00000002   PAD
    0x08002978   0x00000030   Code   RO          632    .text               c_w.l(_printf_char_common.o)
    0x080029a8   0x0000000a   Code   RO          634    .text               c_w.l(_sputc.o)
    0x080029b2   0x00000002   PAD
    0x080029b4   0x00000008   Code   RO          682    .text               c_w.l(rt_errno_addr_intlibspace.o)
    0x080029bc   0x00000008   Code   RO          688    .text               c_w.l(libspace.o)
    0x080029c4   0x0000004a   Code   RO          691    .text               c_w.l(sys_stackheap_outer.o)
    0x08002a0e   0x00000012   Code   RO          693    .text               c_w.l(exit.o)
    0x08002a20   0x0000000c   Code   RO          761    .text               c_w.l(sys_exit.o)
    0x08002a2c   0x00000002   Code   RO          772    .text               c_w.l(use_no_semi.o)
    0x08002a2e   0x00000000   Code   RO          774    .text               c_w.l(indicate_semi.o)
    0x08002a2e   0x00000002   PAD
    0x08002a30   0x00000118   Code   RO          603    i.__hardfp_ceil     m_wm.l(ceil.o)
    0x08002b48   0x00000118   Code   RO          609    i.__hardfp_floor    m_wm.l(floor.o)
    0x08002c60   0x000000b0   Code   RO          615    i.__hardfp_fmodf    m_wm.l(fmodf.o)
    0x08002d10   0x00000010   Code   RO          653    i.__mathlib_flt_invalid  m_wm.l(funder.o)
    0x08002d20   0x00000062   Code   RO          577    x$fpl$d2f           fz_wm.l(d2f.o)
    0x08002d82   0x00000002   PAD
    0x08002d84   0x00000150   Code   RO          579    x$fpl$dadd          fz_wm.l(daddsub_clz.o)
    0x08002ed4   0x00000018   Code   RO          701    x$fpl$dcmpinf       fz_wm.l(dcmpi.o)
    0x08002eec   0x000002b0   Code   RO          586    x$fpl$ddiv          fz_wm.l(ddiv.o)
    0x0800319c   0x0000005e   Code   RO          589    x$fpl$dfix          fz_wm.l(dfix.o)
    0x080031fa   0x0000002e   Code   RO          594    x$fpl$dflt          fz_wm.l(dflt_clz.o)
    0x08003228   0x00000078   Code   RO          686    x$fpl$dleqf         fz_wm.l(dleqf.o)
    0x080032a0   0x00000154   Code   RO          599    x$fpl$dmul          fz_wm.l(dmul.o)
    0x080033f4   0x0000009c   Code   RO          637    x$fpl$dnaninf       fz_wm.l(dnaninf.o)
    0x08003490   0x0000000c   Code   RO          639    x$fpl$dretinf       fz_wm.l(dretinf.o)
    0x0800349c   0x0000006c   Code   RO          641    x$fpl$drleqf        fz_wm.l(drleqf.o)
    0x08003508   0x00000016   Code   RO          580    x$fpl$drsb          fz_wm.l(daddsub_clz.o)
    0x0800351e   0x00000002   PAD
    0x08003520   0x000001d4   Code   RO          581    x$fpl$dsub          fz_wm.l(daddsub_clz.o)
    0x080036f4   0x00000056   Code   RO          601    x$fpl$f2d           fz_wm.l(f2d.o)
    0x0800374a   0x0000008c   Code   RO          643    x$fpl$fnaninf       fz_wm.l(fnaninf.o)
    0x080037d6   0x0000000a   Code   RO          759    x$fpl$fpinit        fz_wm.l(fpinit.o)
    0x080037e0   0x000000f4   Code   RO          645    x$fpl$frem          fz_wm.l(frem_clz.o)
    0x080038d4   0x0000000a   Code   RO          647    x$fpl$fretinf       fz_wm.l(fretinf.o)
    0x080038de   0x00000000   Code   RO          649    x$fpl$usenofp       fz_wm.l(usenofp.o)
    0x080038de   0x00000002   PAD
    0x080038e0   0x00000054   Data   RO          396    .constdata          main.o
    0x08003934   0x00000020   Data   RO          827    Region$$Table       anon$$obj.o


    Execution Region RW_IRAM1 (Base: 0x20000000, Size: 0x000006e0, Max: 0x00020000, ABSOLUTE)

    Base Addr    Size         Type   Attr      Idx    E Section Name        Object

    0x20000000   0x00000010   Data   RW          164    .data               stm32f4xx_rcc.o
    0x20000010   0x00000024   Data   RW          397    .data               main.o
    0x20000034   0x00000014   Data   RW          470    .data               system_stm32f4xx.o
    0x20000048   0x00000016   Zero   RW          334    .bss                tm_stm32f4_gpio.o
    0x2000005e   0x00000002   PAD
    0x20000060   0x0000001f   Zero   RW          395    .bss                main.o
    0x2000007f   0x00000001   PAD
    0x20000080   0x00000060   Zero   RW          689    .bss                c_w.l(libspace.o)
    0x200000e0   0x00000200   Zero   RW            2    HEAP                startup_stm32f446xx.o
    0x200002e0   0x00000400   Zero   RW            1    STACK               startup_stm32f446xx.o


==============================================================================

Image component sizes


      Code (inc. data)   RO Data    RW Data    ZI Data      Debug   Object Name

      1060        114         84         36         31       5018   main.o
       176         12          0          0          0     326049   misc.o
        64         26        452          0       1536       1060   startup_stm32f446xx.o
       852         20          0          0          0      11318   stm32f4xx_adc.o
       524         44          0          0          0       4877   stm32f4xx_gpio.o
        26          0          0          0          0       1484   stm32f4xx_it.o
      1404         52          0         16          0      15262   stm32f4xx_rcc.o
      2524         52          0          0          0      24398   stm32f4xx_tim.o
       856         32          0          0          0       8688   stm32f4xx_usart.o
       452         38          0         20          0       2155   system_stm32f4xx.o
       816         34          0          0          0       7265   tm_stm32f4_adc.o
       668         14          0          0         22       7542   tm_stm32f4_gpio.o

    ----------------------------------------------------------------------
      9424        438        568         72       1592     415116   Object Totals
         0          0         32          0          0          0   (incl. Generated)
         2          0          0          0          3          0   (incl. Padding)

    ----------------------------------------------------------------------

      Code (inc. data)   RO Data    RW Data    ZI Data      Debug   Library Member Name

         8          0          0          0          0         68   __main.o
       104          0          0          0          0         84   __printf.o
         0          0          0          0          0          0   __rtentry.o
        12          0          0          0          0          0   __rtentry2.o
         6          0          0          0          0          0   __rtentry4.o
        52          8          0          0          0          0   __scatter.o
        26          0          0          0          0          0   __scatter_copy.o
        28          0          0          0          0          0   __scatter_zi.o
        48          6          0          0          0         96   _printf_char_common.o
         6          0          0          0          0          0   _printf_d.o
       120         16          0          0          0         92   _printf_dec.o
       178          0          0          0          0         88   _printf_intcommon.o
         0          0          0          0          0          0   _printf_percent.o
         4          0          0          0          0          0   _printf_percent_end.o
        22          0          0          0          0        100   _rserrno.o
        10          0          0          0          0         68   _sputc.o
        18          0          0          0          0         80   exit.o
         6          0          0          0          0        152   heapauxi.o
         0          0          0          0          0          0   indicate_semi.o
         2          0          0          0          0          0   libinit.o
         6          0          0          0          0          0   libinit2.o
         2          0          0          0          0          0   libshutdown.o
         2          0          0          0          0          0   libshutdown2.o
         8          4          0          0         96         68   libspace.o
        40          6          0          0          0         84   noretval__2sprintf.o
         8          4          0          0          0         68   rt_errno_addr_intlibspace.o
       100          0          0          0          0         80   rt_memcpy_w.o
         2          0          0          0          0          0   rtexit.o
        10          0          0          0          0          0   rtexit2.o
        12          4          0          0          0         68   sys_exit.o
        74          0          0          0          0         80   sys_stackheap_outer.o
         2          0          0          0          0         68   use_no_semi.o
        98          4          0          0          0        140   d2f.o
       826         16          0          0          0        492   daddsub_clz.o
        24          0          0          0          0        116   dcmpi.o
       688        140          0          0          0        256   ddiv.o
        94          4          0          0          0        140   dfix.o
        46          0          0          0          0        116   dflt_clz.o
       120          4          0          0          0        140   dleqf.o
       340         12          0          0          0        152   dmul.o
       156          4          0          0          0        140   dnaninf.o
        12          0          0          0          0        116   dretinf.o
       108          0          0          0          0        128   drleqf.o
        86          4          0          0          0        132   f2d.o
       140          4          0          0          0        132   fnaninf.o
        10          0          0          0          0        116   fpinit.o
       244          8          0          0          0        132   frem_clz.o
        10          0          0          0          0        116   fretinf.o
         0          0          0          0          0          0   usenofp.o
       280         28          0          0          0        156   ceil.o
       280         28          0          0          0        156   floor.o
       176          0          0          0          0        168   fmodf.o
        16          6          0          0          0        116   funder.o

    ----------------------------------------------------------------------
      4684        310          0          0         96       4504   Library Totals
        14          0          0          0          0          0   (incl. Padding)

    ----------------------------------------------------------------------

      Code (inc. data)   RO Data    RW Data    ZI Data      Debug   Library Name

       916         48          0          0         96       1344   c_w.l
      3002        200          0          0          0       2564   fz_wm.l
       752         62          0          0          0        596   m_wm.l

    ----------------------------------------------------------------------
      4684        310          0          0         96       4504   Library Totals

    ----------------------------------------------------------------------

==============================================================================


      Code (inc. data)   RO Data    RW Data    ZI Data      Debug   

     14108        748        568         72       1688     413596   Grand Totals
     14108        748        568         72       1688     413596   ELF Image Totals
     14108        748        568         72          0          0   ROM Totals

==============================================================================

    Total RO  Size (Code + RO Data)                14676 (  14.33kB)
    Total RW  Size (RW Data + ZI Data)              1760 (   1.72kB)
    Total ROM Size (Code + RO Data + RW Data)      14748 (  14.40kB)

==============================================================================

