<html>
<body>
<pre>
<h1>µVision Build Log</h1>
<h2>Tool Versions:</h2>
IDE-Version: µVision V5.17.0.0
Copyright (C) 2015 ARM Ltd and ARM Germany GmbH. All rights reserved.
License Information: Nil Microsoft, Microsoft, LIC=FQQ63-AFJIS-TID5L-0NAMD-IUFXV-QU414
 
Tool Versions:
Toolchain:       MDK-ARM Professional  Version: 5.17
Toolchain Path:  C:\Keil_v5\ARM\ARMCC\Bin
C Compiler:      Armcc.exe V5.06 update 1 (build 61)
Assembler:       Armasm.exe V5.06 update 1 (build 61)
Linker/Locator:  ArmLink.exe V5.06 update 1 (build 61)
Library Manager: ArmAr.exe V5.06 update 1 (build 61)
Hex Converter:   FromElf.exe V5.06 update 1 (build 61)
CPU DLL:         SARMCM3.DLL V5.17
Dialog DLL:      DCM.DLL V1.13.4.0
Target DLL:      STLink\ST-LINKIII-KEIL_SWO.dll V2.0.18.0
Dialog DLL:      TCM.DLL V1.14.6.0
 
<h2>Project:</h2>
D:\stm lib\project\usart interrupt f4\01-STM32F4xx_Keil_CMSIS_Default_Project\project.uvprojx
Project File Date:  04/24/2017

<h2>Output:</h2>
*** Using Compiler 'V5.06 update 1 (build 61)', folder: 'C:\Keil_v5\ARM\ARMCC\Bin'
Build target 'STM32F446xx'
compiling main.c...
User\main.c(122): warning:  #177-D: variable "temp" was declared but never referenced
  	double temp = 0;
User\main.c(135): warning:  #1035-D: single-precision operand implicitly converted to double-precision
  	if (_temp<0.3)
User\main.c(139): warning:  #1035-D: single-precision operand implicitly converted to double-precision
  	if (_temp>0.7)
User\main.c(144): warning:  #940-D: missing return statement at end of non-void function "Round"
  }
User\main.c(194): warning:  #167-D: argument of type "char *" is incompatible with parameter of type "unsigned char *"
  					send_Uart_str(
SART1,str);
User\main.c(201): warning:  #167-D: argument of type "char *" is incompatible with parameter of type "unsigned char *"
  				send_Uart_str(
SART1,str);
User\main.c(228): warning:  #1-D: last line of file ends without a newline
  /*******************************************************************/
User\main.c: 7 warnings, 0 errors
linking...
Program Size: Code=14108 RO-data=568 RW-data=72 ZI-data=1688  
FromELF: creating hex file...
".\Targets\STM32F446xx\project.axf" - 0 Error(s), 7 Warning(s).

<h2>Collection of Component include folders:</h2>
  D:\stm lib\project\usart interrupt f4\01-STM32F4xx_Keil_CMSIS_Default_Project\RTE
  C:\Keil_v5\ARM\PACK\Keil\STM32F4xx_DFP\2.11.0\Drivers\CMSIS\Device\ST\STM32F4xx\Include

<h2>Collection of Component Files used:</h2>
Build Time Elapsed:  00:00:02
</pre>
</body>
</html>
